1337x.st
1337x.to
144.31.89.185.sslip.io
15min.lt
15minut.org
1.grouple.co
1plus1.ua
200rf.com
200.zona.media
20khvylyn.com
24chasa.bg
24.kg
24tv.ua
2.dl.delivery.mp.microsoft.com
3schools.com
444.hu
4online-gambling.com
4pda.ru
4pda.to
4pna.com
5.ua
7dniv.rv.ua
7tv.app
888casino.com
8c1f825e.mybobbedcat.pages.dev
8kun.top
9tv.co.il
a360.co
abc.net.au
abook-club.ru
abortion.jp
abpr2.railfan.net
abs-0.twimg.com
abs.twimg.com
academy.terrasoft.ua
access-unlocked.org
account.entropiauniverse.com
account.live.com
account.microsoft.com
accountportal-website-prod07.ol.epicgames.com
account.proton.me
accounts.xboxlive.com
account.wbgames.com
acmilan.com
activatica.org
adafruit.com
adblockplus.org
adguard.com
adguard-vpn.com
adium.im
admin.instagram.com
ad.nl
adobe.activate.com
adobe.com
adobe.de
adobedtm.com
adobeereg.com
adobegenuine.com
adobe.io
adobe.ipp
adobejanus.com
adobelogin.com
adobe.net
adobe.newoa
adobe.ntp
ads-twitter.com
advocate.com
advox.globalvoices.org
afcs.dellcdn.com
afp.com
afpforum.com
aftermarket.schaeffler.com
aftermarket.zf.com
agenceurope.eu
agents.media
agentvps.ftp.sh
agora.legal
ai.com
airvpn.org
aistudio.google.com
akamaihd.net
al-badr.net
alberta.ca
alcorstar.com
alexist.tech
alhurra.com
alibaba.com
alice-vpn.com
allegro.pl
allrus.news
allthefallen.moe
americannaziparty.com
amnesty.org
amnezia.org
amplitude.com
analog.com
anilibria.tv
animego.watch
animelib.me
animevost.org
animevost.tv
anitokyo.tv
anonymouse.org
anonymox.net
antikor.com.ua
antivigilancia.org
antizapret.prostovpn.org
api-ams-01.digitalstreamers.xyz
api.app.prod.grazie.aws.intellij.net
api.github.com
api.githubcopilot.com
api.home-connect.com
api.instagram.com
api.ooni.org
api.openai.com
api.protonvpn.ch
api.radarr.video
api.service-kp.com
api.themoviedb.org
aplawrence.com
aplaycasino.com
apollo.lv
app.m3u.in
app.paraswap.io
apps.imo.im
appstorrent.ru
app.wire.com
app.zerossl.com
apt.releases.hashicorp.com
aqicn.org
aqtser.space
archive.is
archiveofourown.org
archlinux.mirror-services.net
arc.intel.com
army.mil
arte.tv
article19.org
artifacts.elastic.co
artstation.com
artsy.net
ashingtonpost.com
atlassian.com
atn.ua
atomic.stream.voidboost.cc
atr.ua
auth0.openai.com
auth.grazie.ai
auth.openai.com
auth.travelport.com
autocad.com
autodesk360.com
autodesk.com
autodesk.io
autodesk.net
autodiscover.instagram.com
avira.com
avtonom.org
avtozak.info
aws.amazon.com
awsstatic.com
azadliq.org
azatliq.org
azattyq.org
b1tv.ro
babook.org
backstage-api.com
badoo.com
bambulab.com
bard.google.com
baskino.me
bato.to
bbc.com
bbc.co.uk
bbci.co.uk
bbcrussian.com
bbm.com
bdolystics.com
beammp.com
beamng.com
beamng.gmbh
beamng.tech
beeg.com
bellingcat.com
belsat.eu
belsat.pl
berlingske.dk
best.epta.chat
betfair.com
betternet.co
beyondexgay.com
bigbluebutton.org
bing-amp.com
bitbucket.org
bitchute.com
bitcoin.org
bitfinex.com
bitmask.net
bitru.org
bitsearch.to
bittornado.com
blackberry.com
black.instagram.com
blackseanews.net
blackseango.org
blancvpn.com
blindlgbtpride.org
blockdx.co
blog.business.instagram.com
blog.instagram.com
blogs.voanews.com
bluehost.com
bluevps.com
bng.gg
boerse.to
boingboing.net
bok-o-bok.com
booktracker.org
booru.allthefallen.moe
boosteroid.com
booth.pximg.net
bosch.com
bosch-home.com
bostonglobe.com
bradyid.com
bravoporn.com
briarproject.org
bridges.torproject.org
britainhisterya.mooo.com
browsec.com
browserleaks.com
btdb.to
btdig.com
btselem.org
builds.parsec.app
bungiestore.com
business.instagram.com
byteoversea.com
cache-ams-01.digitalstreamers.xyz
cachix.org
cachyos.next-works.it
cactusvpn.com
cameleo.xyz
camvirt.com
cannaweed.com
canva.com
carelrussia.com
carnegieendowment.org
casino.com
catgirl.cloud
caucasustimes.com
ccel.org
cdimage.kali.org
cdn2cdn.com
cdn2site.com
cdn.betterttv.net
cdn-client.medium.com
cdn.fbsbx.com
cdn.id.supercell.com
cdn.imo.im
cdninstagram.com
cdn.oaistatic.com
cdnservices.link
cdn-service.space
cdn-telegram.org
censor.net
censor.net.ua
censorship.no
censortracker.org
certifytheweb.com
ceskatelevize.cz
character.ai
charitum.com
chat.cdn.whatsapp.net
chat.chatgpt.com
chat.com
chat.deepseek.com
chatgpt.com
chatgpt.livekit.cloud
chat.openai.com
chat.qwen.ai
chaturbate.com
checkout.buckaroo.nl
cherta.media
chess.com
chloeting.com
christianitytoday.com
chronicles.media
church.ua
cia.gov
ciscobinary.openh264.org
cisco.com
citrix.com
citron-emu.org
clamav.net
claude.ai
cloudflare.com
cloudflare-dns.com
cloudflare-ech.com
cloudflare.org
cloudflarewarp.com
cloud.hetzner.com
cloud.mongodb.com
cloud.strangeloopgames.com
clubhouse.pubnub.com
cnews.fr
cobalt.tools
cock.li
code.org
coinglass.com
coldfilm.city
collegehumor.com
colta.ru
com.cy
comfyui.org
community.cisco.com
community.instagram.com
comoabortar.org
config.jami.net
console.stealthsurf.app
copilot.microsoft.com
copilot-proxy.githubusercontent.com
copticchurch.net
copy.sh
coursera.org
crimea-news.info
crunchyroll.com
cryptpad.fr
cseindia.org
csskor.ill.in.ua
cub.red
current-time.gitlab.io
currenttime.tv
curseforge.com
cwer.ws
cwtch.im
cyberforces.com
cyberghostvpn.com
cyprus-mail.com
cyprustimes.com
czx.to
d2dj0qptshsals.cloudfront.net
dailymotion.com
dalaran.lumiora.space
danbooru.donmai.us
darksidereviews.com
darpa.mil
database.clamav.net
day.kyiv.ua
dbeaver.io
d.docs.live.net
ddosecrets.com
de2.api.radio-browser.info
de5.vpnzaj.com
deathmetal.org
deepl.com
deeprism.com
deezer.com
defcad.com
delfi.ee
dell.com
delo.ua
demokracija.eu
demokracija.si
dennikn.sk
depo.ua
deti-404.com
developers.instagram.com
dev.hik-connectru.com
deviantart.com
device.auth.xboxlive.com
devicespecifications.com
devops.com
dev.ua
dialog.ua
dia.mil
diena.lv
digi24.ro
digicert.com
digitalocean.com
dirac.com
discord-activities.com
discordactivities.com
discordapp.com
discordapp.net
discord-attachments-uploads-prd.storage.googleapis.com
discordcdn.com
discord.co
discord.com
discord.design
discord.dev
discord.gg
discord.gift
discord.gifts
discord.media
discordmerch.com
discord.new
discordpartygames.com
discordsays.com
discordstatus.com
discord.store
discord.tools
discourse-cdn.com
dis.gd
disneyplus.com
dist.torproject.org
dit.whatsapp.net
dl2kq.de
dl.tailscale.com
dns.adguard.com
dnsleak.com
doc.batch.com
docker.elastic.co
docs.redis.com
documentation.meraki.com
doh.centraleu.pi-dns.com
doh-fi.blahdns.com
donbass.ua
donpress.com
dossier.center
dotadle.net
doubleclick.net
dovod.online
download.lenovo.com
download.manjaro.org
downloads.asterisk.org
download.screamingfrog.co.uk
downloads.gtnewhorizons.com
downloads.khinsider.com
download.wetransfer.com
doxa.team
drclinker.online
dreamerscast.com
dreamhost.com
driver.gaomon.net
dron.media
drugs.com
drugs-forum.com
dsau.dp.ua
dt-live-2.passtechgames.com
dt-live.passtechgames.com
duckdns.org
durevpn.com
durev-vpn.com
dw.com
dwelle.eu
e4mc.link
e621.net
earerepost.com
easylist-downloads.adblockplus.org
ecequality.org
echofm.online
eclipso.de
edge-chat.instagram.com
edge.microsoft.com
edge-mqtt.facebook.com
edgeservices.bing.com
editorials.voa.gov
efe.com
eggertspiele.de
ehorussia.com
ej.ru
ekhokavkaza.com
elgato.com
elitebabes.com
elmundo.es
elpais.com
elpha.com
eluniversal.com
eofvpn.top
epoch.lumiora.space
eporner.com
epravda.com.ua
epsilon.lumiora.space
equaldex.com
equalit.ie
equalitie.org
e-reading.club
erowid.org
err.ee
ert.gr
ertnews.gr
espreso.tv
essential.gg
etahub.com
etsy.com
eu-objective.online
euobserver.com
eurasia.amnesty.org
euronews.com
euroradio.fm
euthanasia.cc
eventbrite.com
event.on24.com
exchanger.bits.media
exitinternational.net
exler.ru
exmormon.org
exodus.lumiora.space
expresso.pt
expressvpn.com
external.xx.fbcdn.net
ext.to
eztv.ag
eztv.re
f95zone.to
facebook.com
facebook.fr
factograph.info
fakty.ua
familylink.google.com
fandom.com
fastcomet.com
fast-die.github.io
fast-die.kiev.ua
fastpic.org
fast-torrent.club
faz.net
fbcdn.net
fb.com
fbk.info
fearnet.com
feed.rutracker.cc
feedtheminds.org
fergana.agency
fergana.news
fergananews.com
fex.net
ficbook.net
fidh.org
filebin.net
filejoker.net
filmix.biz
fingerium.stream.voidboost.cc
firefly-ps.adobe.io
fithub.com
fleegle.mixmin.net
flibusta.is
flibusta.site
flisland.net
fluke.com
focus.ua
force.com
force-user-content.com
forgecdn.net
forklog.com
fork.pet
formula1.com
fortanga.org
forum8.hkgolden.com
forum.mhut.org
forum.mozilla-russia.org
forum.torproject.net
forum.torproject.org
forum.voynaplemyon.com
fproxy.site
frant.me
frc.org
freebitco.in
freebitcoin.in
freecity.lv
freedomhouse.org
freemedia.io
freespeechdebate.com
freevpnplanet.com
fri-gate.org
f-secure.com
fsf.org
fsn1.your-objectstorage.com
ftchinese.com
fuckingfreemovies.com
funpay.com
furaffinity.net
furfur.me
futbolfantasy.com
fw-download.ubnt.com
fw-update.ubnt.com
g2a.com
gagadget.com
gallerycdn.vsassets.io
gallery.zetalliance.org
gambling.com
game.brawlstarsgame.com
game.perov.online
garnet-bathtub-306.notion.site
gaycity.love
gazeta.ua
gazprom.com
gemini.google.com
genderdysphoria.fyi
genderit.org
geni.us
genius.com
geolocation.onetrust.com
getadblock.com
getlantern.org
getoutline.org
getpocket.com
g-fallback.whatsapp.net
gfw.ovh
ggpht.com
gigabyte.com
gijn.org
girlsofdesire.org
githubcopilot.com
git.kernel.org
gitlab.io
glaad.org
glasnaya.media
glavcom.ua
glavnoe.in.ua
glavnoe.ua
glavpost.com
glavred.info
gllto.glpals.com
globalgiving.org
globalvoices.org
glsen.org
gmt.io
gnome-look.org
godaddy.com
godalone.org
gofile.io
goldenpalace.com
goldenrivieracasino.com
golosamer.gitlab.io
golosameriki.com
golosinfo.org
golosislama.com
gomining.com
gonitro.com
goodreads.com
google.com
googletagmanager.com
googlevideo.com
gordonua.com
gotgayporn.com
gotools.de
gov.si
gpsonextra.net
gql.twitch.tv
grammarly.com
grand-casino0.com
graniru.org
granma.cu
graph.whatsapp.com
graph.whatsapp.net
gr-assets.com
grazie.ai
greenpeace.org
grindr.com
grindr.mobi
grok.com
gsc-game.com
gstatic.com
gtagarage.com
guardster.com
gubernia.media
gulagu.net
gvt1.com
g.whatsapp.net
h2.nexus
habr.com
halooglasi.com
hanime.tv
hath.network
hatsapp.com
hbomax.com
hbr.org
hdrezka.ag
he.bujanoci.net
hejtstop.pl
helm.releases.hashicorp.com
helpdesk.media
help.instagram.com
help.keenetic.com
hentaiheroes.com
hentai.name
hetzner.com
hetzner.de
hide.me
hidemium.io
hidemyass.com
hightimes.com
hizb-ut-tahrir.org
hkgalden.org
hleb.asia
hochuzhit.com
hola.org
holod.media
honduras.com
hornet.com
horroronscreen.com
hose.brandmeister.network
hostgator.com
host.livekit.cloud
hoteza.com
hotgaylist.com
hotspotshield.com
howtogeek.com
howtogrowmarijuana.com
hrc.org
hromadske.ua
hrw.org
hs.fi
htmhell.dev
humanrightsfirst.org
hunafa.com
hwui.dkama.tech
hynet.space
hyperhost.ua
hyperlapse.instagram.com
hypnotube.com
i2p2.de
i2pd.website
iaru.org
ibb.co
icarusintel.com
ichef.bbci.co.uk
ichkeria.info
ici.radio-canada.ca
id.cisco.com
idelreal.org
iditelesom.org
iedb.org
ig.me
i.gr-assets.com
iichan.hk
i.instagram.com
ikhwanonline.com
ikmultimedia.com
ilga.org
iltalehti.fi
imagedelivery.net
imagefap.com
images.instagram.com
image.tmdb.org
imag-r.com
imrussia.org
imusician.app
inbox.com
independent.com.mt
independent.ie
indscribe.com
ineedana.com
inetprivacy.com
information.dk
informator.ua
inform-sec.mywire.org
insecure.org
instagram.com
instagram.fsaw1-13.fna.fbcdn.net
instructions.peaceplea.org
intel.com
intel.nl
interpol.int
investigator.org.ua
ionos.com
ipburger.com
ipfs.io
ipvnews.org
ireguard.com
irishtimes.com
irna.ir
is.fi
islam.plus
island-of-pleasure.site
istories.media
itarmy.com.ua
itch.io
itch.zone
itgetsbetter.org
itness.org
itproger.com
i.ytimg.com
jackpotcitycasino1.com
jahforum.org
jami.net
jetbrains.ai
jetbrains.com
journlab.online
joyreactor.cc
jsf.mil
jskor.ill.in.ua
judaism.com
justassociates.org
jw.org
k15.org.pl
k1-api.wbagora.com
kabobfest.com
kafanews.com
kamatera.com
kasparovru.com
kat.am
katcr.to
kavkazcenter.com
kavkazr.com
kavkaz.tv
kavkaz-uzel.eu
kemono.cr
kepn.kreate-world.com
khilafah.net
kickassclassical.com
kickasstorrents.to
kidshealth.org
kilo.ai
kinogo.la
kinogo.media
kinogoo.cc
kinogo.org
kinokrad.co
kino.pub
kinopub.me
kinopub.online
kinovod170226.pro
kinovod.net
kinozal.tv
kinozaltv.life
kiwifarms.net
kmoun.info
knack.be
knews.kg
kor.ill.in.ua
kosa.media
kpapp.link
kpdl.link
krymsos.com
l2reborn.org
la7.it
la-croix.com
lambdalegal.org
landr.com
lantern.io
lastampa.it
launcherwaitingroom-public-service-prod06.ol.epicgames.com
lb.ua
lemonde.fr
lenovo.com
le-production.tv
le-refuge.org
lesbiansubmission.com
levif.be
lexpress.fr
lgbtnet.org
lgbt.org.ua
lgbtqia.space
lgbtqnation.com
lgbtru.com
lgbtvacationplanners.com
lgthinq.com
liberation.fr
libgen.is
libgen.lc
libgen.li
libgen.life
libgen.me
libgen.rs
libgen.space
libgen.st
lib.rus.ec
liga.net
limetorrents.lol
limetorrents.pro
line.me
lingo.com
linkedin.com
linktr.ee
l.instagram.com
linuxiac.com
liquipedia.net
litedev.hik-connectru.com
liveleak.com
livemy.info
live.patcher.brawlhalla.com
live.twitch.tv
liveuamap.com
localbitcoins.com
login.amd.com
logon.warmane.com
lokinet.org
look4k.top
lookaside.facebook.com
looper.com
lordfilm.org
losslessclub.com
lostbounds.ddns.net
lostfilms.fun
lostfilm.tv
lotoru.com
lotto.pl
lrt.lt
lrytas.lt
lsm.lv
luckynugget.com
lumiora.space
luxuretv.com
lyrsense.com
macpaw.com
macvendors.com
maidan.org.ua
mailerlite.com
mail.proton.me
mail.thesec.net
makefiletutorial.com
maltatoday.com.mt
malwarebytes.com
manageengine.com
manas.news
mangadex.org
mangahub.io
mangakakalot.gg
maps.instagram.com
marriott.com
marxist.news
mask-h2.icloud.com
mask.icloud.com
master.qt.io
matrix-client.matrix.org
matrix.newdiamond.kz
matrix.to
mattermost.com
maven.neoforged.net
max.com
mbk.news
mbk-news.appspot.com
mcclgbt.com
mchost.guru
mdif.org
mdz-rus.github.io
media-arn2-1.cdn.whatsapp.net
media.discordapp.net
media.fevn1-1.fna.whatsapp.net
medianet.kz
mediapool.bg
mediazonaby.com
mediazona.ca
medium.com
medusa.io
meduza.io
meendo.net
meet.google.com
mega.co.nz
megapeer.ru
megaproxy.com
megatfile.cc
megatv.com
memohrc.org
messagevortex.net
messenger.com
meta.com
metacritic.com
metal-archives.com
metallica-api.wbagora.com
metasploit.com
meteo.paraplan.net
metopera.org
mignews.ua
minds.com
minesweeper.online
minjust.net
minval.az
mirknig.su
miro.medium.com
mirror.bardia.tech
mirror.cyberbits.eu
mirror.funami.tech
mirror.leitecastro.com
mirrors.de.sahilister.net
mirrors.middlendian.com
mixnews.lv
mmg.whatsapp.net
mmozg.net
mnr.gov.cn
mobile.events.data.microsoft.com
mobimatter.com
modernhorrors.com
modrinth.com
mojefundusze.pl
molodost.bz
monkeytype.com
monster.ie
mooeraudio.com
mos-gorsud.co
mouser.com
mover.uz
moz.gov.ua
mp3.com
mrakopedia.net
msftconnecttest.com
msftncsi.com
msn.com
mstdn.jp
m.strava.com
mtggoldfish.com
mtpro.xyz
mullvad.net
muscdn.com
musical.ly
musicbrainz.org
music.youtube.com
musixmatch.com
mv.ecuo.org
mw5.community
myblog2026.xyz
myc.news
mycompanypolska.pl
my.findmykids.org
m.youtube.com
my.rustelekom.net
my.siil.ch
myspace.com
mytraffic.strangled.net
myworld-portal.leica-geosystems.com
nakarte.me
namba.kz
nashaniva.com
nash-sever.info
nasz-gabinet.pl
navalny.com
navi.gg
navi.lqd4stl.nl
nazarene.org
nbcnewyork.com
ndi.org
ned.org
neoforge.net
netaddress.com
netflix.com
netflixinvestor.com
networksolutions.com
nevzorov.tv
new45.scryde.ws
newnownext.com
new-rutor.org
news.google.com
news.liga.net
newsmaker.md
newsru.com
newsweek.com
newtime.ua
new.tv.team
nextcloud.drclinker.online
nexus.com
nflxext.com
nflximg.com
ngrok.com
nhacmp3youtube.com
nhentai.net
nih.gov
nikk.agency
nine.testrun.org
nintendo.com
nintendo.net
nixos.org
nl.vasilevsy.online
nnm-club.me
nnmclub.to
nnm.me
node.drclinker.online
nomer-org.website
nordaccount.com
nordcdn.com
nordvpn.com
nos.nl
notebooklm.google
notepad-plus-plus.org
notion.com
notion.so
notvpn.io
nova24.si
nova24tv.si
novayagazeta.ee
novayagazeta.eu
novaya.no
novayapolsha.com
novayapolsha.eu
novayapolsha.pl
novibet.com
nr2.com.ua
nrc.nl
ntc.party
nude-moon.fun
nvidia.com
nv.ua
nyaa.si
nyaa.tracker.wf
oaistatic.com
oaiusercontent.com
oasis.app
obozrevatel.com
observador.pt
occrp.org
ochevidcy.com
odysee.com
oe24.at
okko.tv
omenonwaves.org
omsk.com
omtrdc.net
omv-extras.org
onderzine.com
onionshare.org
online-dating.org
onlinegambling.com
onlineradiobox.com
onlinesim.ru
online-translator.com
onlybingo.com
ooni.torproject.org
openaiapi-site.azureedge.net
openai.com
openaicom-api-bdcpf8c6d2e9atf6.z01.azurefd.net
openai.com.cdn.cloudflare.net
openaicom.imgix.net
openaicomproductionae4b.blob.core.windows.net
openclaw.ai
open.er-api.com
openh264.org
openmedia.io
openrussia.org
opensanctions.org
opensocietyfoundations.org
open-store.io
opentrackers.org
opentrackr.org
openuni.io
openwrt.wk.cz
orbot.app
orf.at
originalelf.com
orldcoalition.org
orldjewishcongress.org
orldwildlife.org
or.team
os.mbed.com
osm.org
osnews.com
out.com
ovdinfo.org
ovhcloud.com
oxfam.org
packagecontrol.io
packages.gitlab.com
pally.info
panair.netcraze.club
pandasecurity.com
panel.vps.plevsha.su
panties.com
paperpaper.io
papertoilet.com
papervpn.io
pap.pl
paralleleconomy.com
parniplus.com
parrotsec.org
partypoker.com
partypoker.net
path3.xtracloud.net
patreon.com
patriot.dp.ua
patronite.pl
pay.buckaroo.nl
paypal.com
pbs.twimg.com
pbs.twimg.com.cdn.cloudflare.net
pb.wtf
pcbway.com
pcbway.ru
pdq.com
peaceplea.org
pflag.org
phncdn.com
phoenixliteos.com
phpmyadmin.net
php.su
pianoteq.com
piccy.info
pilihostel.site
pincong.rocks
ping-rix1.hostvds.com
pinknews.co.uk
pinnacle.com
pixabay.com
pixiv.com
pixiv.net
pkgs.tailscale.com
plancpills.org
planeta.press
planetromeo.com
platform.twitter.com
play.google.com
playstation.net
plug-mirror.rcac.purdue.edu
pn14.info
podcastaddict.com
podrobnosti.ua
pof.com
pokerstars.com
poligon.media
poligonmedia.io
polina.zubkoff.tech
politexpert.net
politico.com
politico.eu
polit.info
politis.com.cy
politros.com
polit.ru
polskiservis.pl
polygon.com
pornhub.com
porno365.plus
pornohub.com
pornolab.net
pornoland.net
portal.bgpmon.net
postfix.org
postimees.ee
poufnarozmowa.com
pps.whatsapp.net
ppy.sh
pravda.com.ua
pravdamaterinstva.org
premaritalsex.info
premier.one
pressorg24.com
primevideo.com
privateinternetaccess.com
privatevpn.com
prk-vault.nyc3.digitaloceanspaces.com
prnt.sc
prod-network-api.wbagora.com
production-openaicom-storage.azureedge.net
proekt.media
profile.imo.im
profitwell.com
projectbaseline.com
projectentropygame.com
prolife.com
propastop.org
prosleduet.media
protanki.eu
protokol.band
protonmail.ch
protonmail.com
proton.me
protonvpn.com
protothema.gr
protv.ro
provokator.com.ua
proxify.com
proxy.i2phides.me
proxy.pathtofree.space
proxyscrape.com
psiphon.ca
psu.com
psyplants.info
publico.pt
publicverdict.org
pump.fun
purevpn.com
pushbr.com
putinbog.wordpress.com
pythonanywhere.com
pytorch.org
qha.com.ua
qiwi.gg
qmar.io
qt.io
qualcomm.com
quora.com
radarr.servarr.com
radiofrance.fr
radiomarsho.com
radiosakharov.org
radiosvoboda.org
rai.it
rainews.it
ranger.stream.voidboost.cc
rapidgator.net
rargb.to
raw-data.gitlab.io
rbxcdn.com
rc-paywall-assets.b-cdn.net
rdo.rs
realtek.com
redacted.sh
reddit.com
redgifs.com
redis.com
redkollegia.org
redshieldvpn.com
redtube.com
refactoring.guru
refinitiv.com
reforum.io
registry.terraform.io
releases.hashicorp.com
repo.mongodb.org
reporter-ua.com
repubblica.com
repubblica.it
republic.ru
re-russia.net
rescue.org
resonance.press
resp.app
rewardy.io
rezka.ag
rezka.cc
rezka.land
rezka.tv
rferl.org
rfi.fr
riotgames.com
riseup.net
risk-inform.com
rivalo.com
rivendell.lumiora.space
riverbelle.com
roblox-api.arkoselabs.com
roblox.com
romb.tv
rosdep.org
roskomsvoboda.org
route-net.de
royalvegas.com
rozetked.me
rpm.grafana.com
rsf.org
rs-ny.rustdesk.com
rte.ie
rt.pornhub.org
rtp.pt
rtve.es
ru.algorithmica.org
ru.baku.ws
rubart.de
ru.bellingcat.com
ru.chaturbate.com
ruchlgbt.pl
ru.depositphotos.com
ru.iherb.com
ru.krymr.com
rule34.xxx
rumble.com
runescape.com
runkeeper.com
run.ooni.org
ru.pearlabyss.com
ru.playblackdesert.com
rupor.info
ruproxmox.mooo.com
rureporter.com
ru.rfi.fr
rus.azattyq.org
ru.scryde.game
rus.delfi.ee
rus.delfi.lv
rus.jauns.lv
rusmedserv.com
rusmonitor.com
rusnsn.info
rus.ozodi.org
rus.ozodlik.org
ru.stripchat.com
rutor.info
rutor.is
rutor.org
rutracker.net
rutracker.org
ruttacker.org
ru.xhamster.com
s1.rocketjump.fun
safe2choose.org
sakharov.world
salesforce.com
salesforce-experience.com
salesforce-hub.com
salesforceiq.com
salesforceliveagent.com
salesforce-scrt.com
salesforce-setup.com
salesforce-sites.com
samesexmarriage.ca
samizdatonline.org
samsungiotcloud.com
sanet.st
satisfactoryblueprints.com
satp.org
saverudata.info
saverudata.online
sbs.com.au
scarleteen.com
s.channelcom.tech
schwingen.net
sci-hub.st
sc-jpl.com
scontent-ams4-1.cdninstagram.com
scontent.cdninstagram.com
scontent-vie1-1.cdninstagram.com
scontent.whatsapp.net
scontent.xx.fbcdn.net
sc-static.net
search.aol.com
search.com
searchfloor.org
searchindia.com
sea-watch.org
sebeanus.online
secfirst.org
seclists.org
se.com
secondlife.com
secure.avaaz.org
secure-web.cisco.com
seed4.me
seedoff.zannn.top
segment-ams-01.digitalstreamers.xyz
sellingplatformconnect.amadeus.com
semnasem.org
sendgrid.net
sendspace.com
sentara.interpretmanager.com
sentry.io
serpstat.com
services.gearboxsoftware.com
severreal.org
sexandu.ca
sex.com
sexdead.com
sex-studentki.team
seznamzpravy.cz
sfdcopens.com
sfsi.org
shadowz.fr
shamash.org
shia.org
shift.services.gearbox.com
shikimori.one
shodan.io
shram.kiev.ua
shroomery.org
shtab.navalny.com
sibreal.org
signal.art
signal.org
signalusers.org
signin.ea.com
signon2.deadorbit.net
signon2.gravityshavings.net
signon.goliath.prod.deadorbit.net
signon.goliath.prod.gravityshavings.net
simfly.io
singlekey-id.com
sinoptik.ua
site.com
skai.gr
skat.media
skiff.com
skladchik.com
skyscanner.com
slideshare.net
slotland.com
sme.sk
smirnovf.netcraze.pro
snanews.de
snapchat.com
snap.com
snapkit.com
snap-storage-cdn.l.google.com
sndcdn.com
snowball-income.com
soapui.org
sobytiya.info
socom.mil
software.cisco.com
software-static.download.prss.microsoft.com
sonyentertainmentnetwork.com
sora.com
sotaproject.com
sota.vision
sotnik-tv.com
soundcloud.com
southfeministfutures.org
sovanews.tv
spankbang.com
speeddater.co.uk
speedify.com
speedtest.heaven.radiotechsnab.com
speedtest.net
spektr.press
spideroak.com
spiegel.de
spinpalace.com
sportingbet.com
sportsinteraction.com
spotify.com
spring96.org
sprotyv.info
sputnikipogrom.com
squadcalc.app
srgssr.ch
st7-23.vk.com
stable.dl2.discordapp.net
stalker2.com
startmail.com
static1.e621.net
static.cdninstagram.com
static.files.bbci.co.uk
static.rutracker.cc
static.whatsapp.net
staticxx.facebook.com
static.xx.fbcdn.net
status.discord.com
stealthsurf.app
steam.com
steamcommunity.com
steamgriddb.com
steamstatic.com
steamusercontent.com
stepanov2021.org
stirileprotv.ro
st.kinovod.net
stockx.com
stonewall.org.uk
stopfake.org
store.steampowered.com.com
story.te-st.org
straumann.com
strava.com
streamable.com
streamlit.io
stream.voidboost.cc
sts.pl
studio.youtube.com
stulchik.net
sub.infotrust.mooo.com
subnautica.fandom.com
sub.utyavpn.xyz
suomi24.fi
support.cambiumnetworks.com
support.huawei.com
support.ruckuswireless.com
support.torproject.org
support.xerox.com
surfshark.com
suuntomaps.b-cdn.net
sverigesradio.se
svg.com
svoboda.org
svoi.kr.ua
svt.se
svtv.org
swagger.io
swisscows.email
swissinfo.ch
sysdig.com
t3.chat
tacticaltech.org
tailscale.com
tanixtvbox.com
tayga.info
t.co
tdesktop.com
tdov.org
team29.org
techlore.tech
technical.city
technorati.com
teenhealthfx.com
telega.one
telegraf.com.ua
telegram.app
telegram-cdn.org
telegram.com
telegram.dev
telegram.dog
telegram.me
telegram.org
telegram.space
telegra.ph
telegraph.co.uk
telesco.pe
telik.live
tellapart.com
tempmail.plus
terabox.com
termux.3san.dev
terraform.io
test-ipv6.com
te-st.org
tf1info.fr
tg.dev
thebell.io
thegooddrugsguide.com
theins.press
theinternationallegion.org
thelist.com
themeplaza.art
themoscowtimes.com
themoviedb.org
thenewtab.io
thepiratebay.org
thepiratebay.se
therarbg.com
thesafety.us
thetrevorproject.org
thetruestory.news
thisvid.com
threema.ch
thunder.free-signal.com
ti.com
tidal.com
tik-tokapi.com
tiktokcdn.com
tiktokcdn-eu.com
tiktokcdn-us.com
tiktok.com
tiktokd.net
tiktokd.org
tiktokeu-cdn.com
tiktokrow-cdn.com
tiktokv.com
tiktokv.eu
tiktokv.us
tiktokw.eu
tiktokw.us
timberland.com
timesofmalta.com
tinkercad.com
tiny.cc
tmdb.com
tmdb-image-prod.b-cdn.net
tmdb.org
t.me
tmnf.exchange
tochka.net
tokenized.play.google.com
tone3000.com
tools.cisco.com
topersoft.com
tor.eff.org
torontovka.com
torproject.org
torrent.by
torrenteditor.com
tracker.opentrackr.org
trae.ai
trailblazer.me
trailhead.com
tr.anidub.com
transformice.com
transparency.org
transwhiz.com
trendsmap.com
triller.co
trisquel.info
trust.zone
trv-science.org
tryhackme.com
tsn.ua
ttlivecdn.com
ttoverseaus.net
ttwstatic.com
tunnelbear.com
turbobit.net
turbovpn.com
turn.livekit.cloud
tushkan.club
tuta.com
tutanota.com
tvdevinfo.com
tvline.com
tvmnews.mt
tvnet.lv
tvrain.tv
tweetdeck.com
twimg.com
twinlife-systems.com
twin.me
twitter.com
twitterflightschool.com
twitterinc.com
twitter.jp
twttr.com
tx.me
typepad.com
uacrisis.org
uainfo.org
ua.korrespondent.net
ua.krymr.com
ua.tribuna.com
ubnt.com
udemy.com
udikov.com
ufile.io
ui.com
ui.ill.in.ua
uk.match.com
ukrinform.ua
ukr.radio
ukservers.com
ultrasurf.us
underver.se
unfe.org
unfiltered.adguard-dns.com
unian.info
unian.net
uniongang.net
uniongang.tv
unn.com.ua
unsplash.com
ununbium.stream.voidboost.cc
upic.com
upload.instagram.com
upload.twitter.com
uploady.io
upogau.org
urduvoa.com
usa.one
user.auth.xboxlive.com
usher.ttvnw.net
ushosting.gcore.com
us.pathtofree.space
usrf.us
ust-kut24.com
utro02.tv
v11.vost.pw
v97916.hosted-by-vdsina.com
valera.run
vanguardnewsnetwork.com
vdsina.com
vector.im
vectorworks.net
velocidrone.com
veniceunleashed.net
veritas.com
verstka.media
vesma.one
vesma.today
vesselthefilm.com
viadtc.com
viber.com
vice.com
video.cdninstagram.com
video.twimg.com
video.twimg.com.cdn.cloudflare.net
vipdrive.net
vipergirls.to
visaginas.lt
vitaxa962.mpchat.com
vitk.com.ua
vkeyshik.run.place
vlasti.net
vm-promo.h2.nexus
vm.serva.one
vn.myst.su
voanews.com
vogons.org
vot-tak.tv
votvot.tv
vozrojdenie.crimea.ua
vpnbook.com
vpn.for.you.readlook.tk
vpngate.net
vpngen.org
vpn.index-play.com
vpnjantit.com
vpnlove.me
vpnproxymaster.com
vpnredcat.com
vrv.co
vyos.io
wakatime.com
wa.me
wankerlab.com
war.hvylya.net
warnerbrosgames.com
wasabiwallet.io
watchguard.com
weareukraine.info
weather.com
web.facebook.com
webhook.site
weblance.com.ua
webmd.com
web.telegram.org
web.whatsapp.com
weedmaps.com
welcometotwinpeaks.com
welt.de
we.riseup.net
wetransfer.com
whatsappbrand.com
whatsapp.cc
whatsapp.com
Whatsapp.com
whatsapp.info
whatsapp.net
whatsapp.org
whatsapp-plus.info
whatsapp-plus.me
whatsapp-plus.net
whatsapp.tv
whatsupp.com
wheather.com
wheelofnames.com
whispersystems.org
white.instagram.com
whoer.net
wickr.com
wide-youtube.l.google.com
wikianime.club
wikileaks.org
windguru.cz
wise.com
wixmp.com
wizardvpn.cc
womenfirstdigital.org
womeninblack.org
wonderzine.com
wooga.com
work.gazladder.com
world.comments.ua
wpengine.com
w.porno365.gold
write.as
wunderground.com
wwf.panda.org
www.analog.com
www.digikey.com
www.discord.com
www.hetzner.com
www.hrw.org
www.jabra.com
www.microchip.com
www.mongodb.com
www.postfix.org
www.qualcomm.com
www.smashwords.com
www.stalker2.com
www.support.xerox.com
www.ti.com
www.torproject.org
www.wikiart.org
www.youtube.com
x.ai
xanga.com
xboxservices.com
x.com
xda-developers.com
xdaforums.com
xealbot.duckdns.org
xfree.com
xhamster.com
xhamsterlive.com
x-minus.pro
xnxx-cdn.com
xnxx.com
xnxx-ru.com
xsts.auth.xboxlive.com
xtracloud.net
xvideos-cdn.com
xvideos.com
xv-ru.com
xxx.lanl.gov
xxx-premium.com
y2mate.com
yalubluputina.wfwrf.cfd
yaplakal.com
yiffer.xyz
yle.fi
ylilauta.org
yocity12.com
yopmail.com
yotu.be
youporn.com
youtobe.com
youtub.com
youtu.be
youtube.com
Youtube.com
YouTube.com
youtubeembeddedplayer.googleapis.com
youtube.googleapis.com
youtubei.googleapis.com
youtubekids.com
youtube-nocookie.com
youtube-ui.l.google.com
youube.com
yt3.ggpht.com
yt.be
ytimg.com
yt-video-upload.l.google.com
yummyanime.org
yuotube.com
yutube.com
zaxid.net
zbigz.com
zeit.de
zero-k.info
z-lib.org
zmk.com
znak.com
znanija.com
zohomail.com
zolika1351.pages.dev
zona.media
zona.pub
