hdrezka.ac
eztv.ag
hdrezka.ag
rezka.ag
fergana.agency
nikk.agency
character.ai
claude.ai
genspark.ai
grazie.ai
hume.ai
jetbrains.ai
kaleido.ai
kilo.ai
lightning.ai
openclaw.ai
openrouter.ai
chat.qwen.ai
recraft.ai
sonara.ai
trae.ai
x.ai
gfn.am
kat.am
7tv.app
hdrezka.app
imusician.app
oasis.app
orbot.app
builds.parsec.app
public.parsec.app
resp.app
squadcalc.app
stealthsurf.app
telegram.app
toolbox.app
reve.art
signal.art
themeplaza.art
write.as
hleb.asia
oe24.at
orf.at
sbs.com.au
abc.net.au
lidarr.audio
minval.az
protokol.band
knack.be
levif.be
yotu.be
youtu.be
yt.be
24chasa.bg
mediapool.bg
remove.bg
filmix.biz
twitter.biz
whatsapp.biz
data.cline.bot
buf.build
code.gist.build
torrent.by
molodost.bz
alberta.ca
mediazona.ca
netflix.ca
psiphon.ca
ici.radio-canada.ca
samesexmarriage.ca
sexandu.ca
webnames.ca
arduino.cc
daemon-tools.cc
euthanasia.cc
joyreactor.cc
kinogoo.cc
megatfile.cc
rezka.cc
feed.rutracker.cc
static.rutracker.cc
tiny.cc
voidboost.cc
whatsapp.cc
wizardvpn.cc
files.manus.cdn
dossier.center
yalubluputina.wfwrf.cfd
andrevi.ch
protonmail.ch
api.protonvpn.ch
my.siil.ch
srgssr.ch
swissinfo.ch
threema.ch
best.epta.chat
t3.chat
coldfilm.city
technical.city
catgirl.cloud
chatgpt.livekit.cloud
host.livekit.cloud
turn.livekit.cloud
youtrack.cloud
e-reading.club
fast-torrent.club
panair.netcraze.club
tushkan.club
wikianime.club
mnr.gov.cn
parallels.cn
a360.co
betternet.co
blockdx.co
discord.co
artifacts.elastic.co
docker.elastic.co
1.grouple.co
ibb.co
kinokrad.co
mos-gorsud.co
smartbear.co
swapd.co
t.co
triller.co
vine.co
vrv.co
200rf.com
20khvylyn.com
3schools.com
4online-gambling.com
4pna.com
888casino.com
new.abb.com
abercrombie.com
acmilan.com
adobe.activate.com
platform.activestate.com
adafruit.com
adguard.com
unfiltered.adguard-dns.com
adguard-vpn.com
adidas.com
adobe.com
adobedtm.com
adobeereg.com
adobegenuine.com
adobejanus.com
adobelogin.com
ads-twitter.com
advocate.com
afp.com
afpforum.com
ai.com
aircanada.com
alcorstar.com
alhurra.com
alibaba.com
alice-vpn.com
all3dp.com
alphacoders.com
sellingplatformconnect.amadeus.com
amazfitwatchfaces.com
aws.amazon.com
gaming.amazon.com
notion-emojis.s3-us-west-2.amazonaws.com
login.amd.com
americannaziparty.com
amplitude.com
analog.com
tr.anidub.com
ansys.com
anthropic.com
support.anydesk.com
search.aol.com
aplawrence.com
aplaycasino.com
otpi0g-inapps.appsflyersdk.com
otpi0g-launches.appsflyersdk.com
mbk-news.appspot.com
roblox-api.arkoselabs.com
artstation.com
ashingtonpost.com
atlassian.com
att.com
augmentcode.com
autocad.com
autodesk.com
autodesk360.com
avira.com
awsstatic.com
backstage-api.com
badoo.com
bambulab.com
doc.batch.com
bbc.com
bbcrussian.com
bbm.com
bdolystics.com
beammp.com
beamng.com
beeg.com
bell-sw.com
bellingcat.com
bestbuy.com
betfair.com
beyondexgay.com
edgeservices.bing.com
bing-amp.com
bitchute.com
bitdefender.com
bitfinex.com
bitnami.com
bittornado.com
blackberry.com
doh-fi.blahdns.com
blancvpn.com
bluehost.com
bluevps.com
bok-o-bok.com
boosteroid.com
bosch.com
bosch-home.com
boschaftermarket.com
boschautoparts.com
bostonglobe.com
bradyid.com
ai-chat.bsg.brave.com
bravoporn.com
live.patcher.brawlhalla.com
brawlstarsgame.com
broadcom.com
broncosportforum.com
browsec.com
browserleaks.com
btdig.com
btod.com
bungiestore.com
buymeacoffee.com
byteoversea.com
cactusvpn.com
support.cambiumnetworks.com
camvirt.com
cannaweed.com
canva.com
capacitorjs.com
carelrussia.com
carrefouruae.com
casino.com
cats.com
caucasustimes.com
cdn2cdn.com
cdn2site.com
cdninstagram.com
cdw.com
certifytheweb.com
chaos.com
charitum.com
chat.com
chatgpt.com
chaturbate.com
chess.com
chloeting.com
christianitytoday.com
circlecrewpinkcrowd.com
cisco.com
citrix.com
clashofclans.com
clashroyaleapp.com
clickup.com
cloudflare.com
cloudflare-dns.com
cloudflare-ech.com
cloudflarewarp.com
cms-twdigitalassets.com
codeium.com
coingate.com
coinglass.com
collegehumor.com
store.steampowered.com.com
contabo.com
corsair.com
cpu-monkey.com
credly.com
crunchyroll.com
vod-fy.crunchyrollcdn.com
curseforge.com
cvedetails.com
cyberforces.com
cyberghostvpn.com
cyprus-mail.com
cyprustimes.com
dailymotion.com
darksidereviews.com
ddosecrets.com
deepl.com
deeprism.com
chat.deepseek.com
deezer.com
defcad.com
dell.com
dellcdn.com
ru.depositphotos.com
deti-404.com
devexpress.com
deviantart.com
devicespecifications.com
devops.com
diabrowser.com
digicert.com
www.digikey.com
digitalocean.com
prk-vault.nyc3.digitaloceanspaces.com
dirac.com
discord.com
discord-activities.com
discordactivities.com
discordapp.com
discordcdn.com
discordmerch.com
discordpartygames.com
discordsays.com
discordstatus.com
discourse-cdn.com
disctech.com
disneyplus.com
dnsleak.com
document360.com
donpress.com
dreamerscast.com
dreamhost.com
drugs.com
drugs-forum.com
ducati.com
durev-vpn.com
durevpn.com
dw.com
dyson.com
signin.ea.com
earerepost.com
easydmarc.com
editorx.com
efe.com
ehorussia.com
ekhokavkaza.com
elgato.com
elitebabes.com
elpais.com
elpha.com
eluniversal.com
eneba.com
account.entropiauniverse.com
accountportal-website-prod07.ol.epicgames.com
launcherwaitingroom-public-service-prod06.ol.epicgames.com
eporner.com
equaldex.com
open.er-api.com
etahub.com
etsy.com
euobserver.com
euronews.com
eventbrite.com
expandrive.com
expressvpn.com
extremetech.com
f-secure.com
f1.com
facebook.com
fandom.com
fast.com
fastcomet.com
fb.com
fbsbx.com
fearnet.com
fergananews.com
fithub.com
flir.com
fluke.com
flukenetworks.com
flyertalk.com
global.fncstatic.com
force.com
force-user-content.com
forklog.com
formula1.com
framer.com
thunder.free-signal.com
freeimages.com
freespeechdebate.com
freevpnplanet.com
ftchinese.com
fuckingfreemovies.com
funpay.com
futbolfantasy.com
fxnetworks.com
g2a.com
gagadget.com
gambling.com
shop.gameloft.com
gamestop.com
work.gazladder.com
gazprom.com
ushosting.gcore.com
shift.services.gearbox.com
services.gearboxsoftware.com
geforcenow.com
genius.com
getadblock.com
getoutline.com
getpocket.com
ggpht.com
gigabyte.com
api.github.com
githubcopilot.com
copilot-proxy.githubusercontent.com
packages.gitlab.com
glavpost.com
glpals.com
godaddy.com
gofundme.com
goldenpalace.com
goldenrivieracasino.com
golosameriki.com
golosislama.com
gomining.com
gonitro.com
goodreads.com
google.com
discord-attachments-uploads-prd.storage.googleapis.com
firebaselogging.googleapis.com
jnn-pa.googleapis.com
proactivebackend-pa.googleapis.com
youtube.googleapis.com
youtubeembeddedplayer.googleapis.com
youtubei.googleapis.com
googletagmanager.com
yt3.googleusercontent.com
googlevideo.com
gordonua.com
gotgayporn.com
gpu-monkey.com
gr-assets.com
grafana.com
grammarly.com
grand-casino0.com
grindr.com
grizzlysms.com
grok.com
groq.com
groupon.com
gsc-game.com
gstatic.com
gtagarage.com
downloads.gtnewhorizons.com
guardster.com
gvt1.com
habr.com
halooglasi.com
hashicorp.com
hatsapp.com
haydaygame.com
hbomax.com
hc-ping.com
healthline.com
hentaiheroes.com
assets.heroku.com
herokucdn.com
hetzner.com
hidemyass.com
hightimes.com
dev.hik-connectru.com
litedev.hik-connectru.com
forum8.hkgolden.com
hochuzhit.com
hollisterco.com
home-connect.com
honduras.com
hornet.com
horroronscreen.com
v97916.hosted-by-vdsina.com
hostgator.com
hostinger.com
ping-rix1.hostvds.com
hotels.com
hoteza.com
hotgaylist.com
hotspotshield.com
housebrand.com
howtogeek.com
howtogrowmarijuana.com
support.huawei.com
hunafa.com
hybrid-analysis.com
hypnotube.com
ibm.com
ibytedtos.com
icarusintel.com
mask-h2.icloud.com
mask.icloud.com
iherb.com
ikea.com
ikhwanonline.com
ikmultimedia.com
imag-r.com
imagefap.com
imgur.com
inbox.com
indeed.com
vpn.index-play.com
indscribe.com
ineedana.com
inetprivacy.com
instagram.com
intel.com
internalfb.com
sentara.interpretmanager.com
intuit.com
intuitibits.com
ionos.com
ipburger.com
ireguard.com
irishtimes.com
itninja.com
itproger.com
www.jabra.com
jackpotcitycasino1.com
jamf.com
jetbrains.com
judaism.com
kabobfest.com
kafanews.com
kamatera.com
kasparovru.com
kavkazcenter.com
kavkazr.com
help.keenetic.com
keysight.com
downloads.khinsider.com
kickassclassical.com
klarna.com
kmail-lists.com
kepn.kreate-world.com
ru.krymr.com
ua.krymr.com
krymsos.com
la-croix.com
lambdalabs.com
landr.com
langdock.com
ldoceonline.com
legalshield.com
myworld-portal.leica-geosystems.com
mirror.leitecastro.com
lenovo.com
lesbiansubmission.com
lgbtqnation.com
lgbtru.com
lgbtvacationplanners.com
lgeapi.com
lgthinq.com
lifehacker.com
lingo.com
linkedin.com
linuxiac.com
docs.liquibase.com
account.live.com
liveleak.com
liveuamap.com
localbitcoins.com
looper.com
losslessclub.com
lotoru.com
luckynugget.com
luxuretv.com
lyrsense.com
lyst.com
macpaw.com
macvendors.com
mailerlite.com
mailinator.com
makefiletutorial.com
malwarebytes.com
manageengine.com
marriott.com
marvelsnap.com
uk.match.com
mattermost.com
max.com
data-cdn.mbamupdates.com
os.mbed.com
mcclgbt.com
mediazonaby.com
medicalnewstoday.com
medium.com
megaproxy.com
megatv.com
documentation.meraki.com
messenger.com
meta.com
metacritic.com
metal-archives.com
metasploit.com
www.microchip.com
2.dl.delivery.mp.microsoft.com
account.microsoft.com
copilot.microsoft.com
designer.microsoft.com
edge.microsoft.com
mobile.events.data.microsoft.com
software-static.download.prss.microsoft.com
mirrors.middlendian.com
middlewareinventory.com
minds.com
mintmobile.com
mixcloud.com
mobimatter.com
modernhorrors.com
modrinth.com
mongodb.com
monkeytype.com
monoprice.com
mooeraudio.com
britainhisterya.mooo.com
ruproxmox.mooo.com
sub.infotrust.mooo.com
mouser.com
mp3.com
vitaxa962.mpchat.com
msftconnecttest.com
msftncsi.com
msn.com
mtggoldfish.com
muscdn.com
musixmatch.com
myheritage.com
myjetbrains.com
myparallels.com
myqrcode.com
myspace.com
nashaniva.com
navalny.com
nba.com
nbcnewyork.com
neo4j.com
netacad.com
netaddress.com
netapp.com
netflix.com
netflixinvestor.com
netflixtechblog.com
forum.netgate.com
netlify.com
networksolutions.com
newark.com
newnownext.com
newsru.com
newsweek.com
nexus.com
nfl.com
nflxext.com
nflximg.com
ngrok.com
connect.ngrok-agent.com
nhacmp3youtube.com
nike.com
nintendo.com
nitropdf.com
nordaccount.com
nordcdn.com
nordvpn.com
notion.com
notion-static.com
novayapolsha.com
novibet.com
nvidia.com
nxp.com
oaistatic.com
oaiusercontent.com
obozrevatel.com
ochevidcy.com
ocstore.com
oculus.com
odysee.com
omnissa.com
omsk.com
event.on24.com
onderzine.com
geolocation.onetrust.com
onfastspring.com
online-translator.com
onlinegambling.com
onlineradiobox.com
onlybingo.com
onshape.com
openai.com
oracle.com
originalelf.com
osnews.com
out.com
ovhcloud.com
paddle.com
paddlestatus.com
pandasecurity.com
panties.com
papertoilet.com
paralleleconomy.com
parallels.com
parallelsaccess.com
paritydeals.com
parniplus.com
partypoker.com
dt-live-2.passtechgames.com
dt-live.passtechgames.com
patreon.com
paypal.com
pcbway.com
pcgamesn.com
pcmag.com
pdq.com
ru.pearlabyss.com
penguin.com
penguinrandomhouse.com
pexels.com
phncdn.com
phoenixliteos.com
doh.centraleu.pi-dns.com
pianoteq.com
pingdom.com
pinnacle.com
pixabay.com
pixiv.com
planetromeo.com
ru.playblackdesert.com
plugshare.com
podcastaddict.com
pof.com
pokerstars.com
politico.com
politros.com
polygon.com
pornhub.com
pornohub.com
newsroom.porsche.com
posthog.com
poufnarozmowa.com
premierleague.com
pressorg24.com
primark.com
primevideo.com
privateinternetaccess.com
privatevpn.com
profitwell.com
projectbaseline.com
projectentropygame.com
prolife.com
protonmail.com
protonvpn.com
prowlarr.com
proxify.com
proxyscrape.com
psu.com
clubhouse.pubnub.com
footballapi.pulselive.com
purevpn.com
pushbr.com
pythonanywhere.com
qualcomm.com
quicknode.com
quora.com
qwant.com
radiomarsho.com
speedtest.heaven.radiotechsnab.com
rbxcdn.com
realtek.com
reddit.com
redgifs.com
redis.com
redislabs.com
redshieldvpn.com
redtube.com
refinitiv.com
reporter-ua.com
repubblica.com
returnyoutubedislikeapi.com
rezkify.com
riotgames.com
risk-inform.com
rivalo.com
riverbelle.com
roblox.com
royalvegas.com
support.ruckuswireless.com
rumble.com
runescape.com
runkeeper.com
rureporter.com
rusmedserv.com
rusmonitor.com
rs-ny.rustdesk.com
salesforce.com
salesforce-experience.com
salesforce-hub.com
salesforce-scrt.com
salesforce-setup.com
salesforce-sites.com
salesforceiq.com
salesforceliveagent.com
samsungiotcloud.com
satisfactoryblueprints.com
sc-jpl.com
scarleteen.com
aftermarket.schaeffler.com
sdxcentral.com
se.com
search.com
searchindia.com
seconddinnertech.com
secondlife.com
semrush.com
sendspace.com
sephora.com
serpstat.com
servarr.com
api.service-kp.com
sex.com
sexdead.com
sfdcopens.com
singlekey-id.com
site.com
siteground.com
sketchup.com
skiff.com
skladchik.com
sky.com
skycdp.com
skyscanner.com
slotland.com
smartbear.com
smartdeploy.com
www.smashwords.com
snap.com
snapchat.com
snapgametech.com
snapgene.com
snapkit.com
sndcdn.com
snowball-income.com
solarwinds.com
sonyentertainmentnetwork.com
community.sophos.com
intelix.sophos.com
sora.com
sotaproject.com
sotnik-tv.com
soundcloud.com
spankbang.com
speedify.com
spiceworks.com
spideroak.com
spinpalace.com
spitfireaudio.com
sportingbet.com
sportsinteraction.com
spotify.com
sputnikipogrom.com
squadbustersgame.com
squareup.com
stalker2.com
startmail.com
steam.com
steamcommunity.com
steamgriddb.com
steamstatic.com
steamusercontent.com
stockx.com
cloud.strangeloopgames.com
straumann.com
strava.com
streamable.com
ru.stripchat.com
supercell.com
surfshark.com
surveymonkey.com
svg.com
synoforum.com
sysdig.com
tableau.com
tailscale.com
talosintelligence.com
tanixtvbox.com
tdesktop.com
teamviewer.com
techbargains.com
technorati.com
teenhealthfx.com
telegram.com
tellapart.com
terabox.com
test-ipv6.com
theaudiodb.com
thegooddrugsguide.com
thelist.com
themoscowtimes.com
therarbg.com
thisvid.com
ti.com
tidal.com
tik-tokapi.com
tiktok.com
tiktokcdn.com
tiktokcdn-eu.com
tiktokcdn-us.com
tiktokeu-cdn.com
tiktokrow-cdn.com
tiktokv.com
timberland.com
timesofmalta.com
tinkercad.com
tmdb.com
tone3000.com
topersoft.com
torontovka.com
torrenteditor.com
trailhead.com
transferwise.com
transformice.com
transwhiz.com
auth.travelport.com
trendsmap.com
ua.tribuna.com
truthsocial.com
tryhackme.com
tsmc.com
ttlivecdn.com
ttwstatic.com
tunnelbear.com
turbovpn.com
tuta.com
tutanota.com
tvdevinfo.com
tvline.com
tweetdeck.com
twimg.com
twinlife-systems.com
twitpic.com
twitter.com
twittercommunity.com
twitterflightschool.com
twitterinc.com
twitteroauth.com
twttr.com
twvid.com
typepad.com
typing.com
uaudio.com
ubnt.com
udemy.com
udikov.com
ui.com
ukservers.com
unscreen.com
unsplash.com
upic.com
upwork.com
urduvoa.com
ust-kut24.com
vagrantcloud.com
vanguardnewsnetwork.com
vdsina.com
veeam.com
velocidrone.com
veritas.com
vesselthefilm.com
viadtc.com
viber.com
vice.com
st7-23.vk.com
vmware.com
voanews.com
volkswagen-classic-parts.com
forum.voynaplemyon.com
vpnbook.com
vpnjantit.com
vpnproxymaster.com
vpnredcat.com
de5.vpnzaj.com
wakatime.com
walmart.com
wankerlab.com
logon.warmane.com
warnerbrosgames.com
watchguard.com
k1-api.wbagora.com
metallica-api.wbagora.com
prod-network-api.wbagora.com
wbgames.com
weather.com
webmd.com
weebly.com
weedmaps.com
welcometotwinpeaks.com
wetransfer.com
whatsapp.com
whatsappbrand.com
whatsupp.com
wheather.com
wheelofnames.com
wickr.com
wikidot.com
windsurf.com
app.wire.com
wise.com
withpersona.com
wixmp.com
wonderzine.com
wooga.com
miracleptr.wordpress.com
putinbog.wordpress.com
wpengine.com
wunderground.com
x.com
xanga.com
accounts.xboxlive.com
device.auth.xboxlive.com
user.auth.xboxlive.com
xsts.auth.xboxlive.com
xboxservices.com
xda-developers.com
xdaforums.com
support.xerox.com
xfree.com
xhamster.com
xhamsterlive.com
xnxx.com
xnxx-cdn.com
xnxx-ru.com
xv-ru.com
xvideos.com
xvideos-cdn.com
xxx-premium.com
y2mate.com
yaplakal.com
yeggi.com
yocity12.com
yopmail.com
youporn.com
fsn1.your-objectstorage.com
youtobe.com
youtub.com
youtube.com
youtube-nocookie.com
youtubekids.com
youube.com
ytimg.com
yting.com
yuotube.com
yutube.com
zapier.com
zbigz.com
app.zerossl.com
aftermarket.zf.com
zmk.com
znak.com
znanija.com
zohomail.com
mw5.community
kemono.cr
granma.cu
com.cy
ceskatelevize.cz
seznamzpravy.cz
windguru.cz
openwrt.wk.cz
adobe.de
dl2kq.de
eclipso.de
eggertspiele.de
gotools.de
hetzner.de
i2p2.de
intel.de
route-net.de
rubart.de
snanews.de
spiegel.de
timberland.de
welt.de
zeit.de
discord.design
termux.3san.dev
canva.dev
discord.dev
htmhell.dev
8c1f825e.mybobbedcat.pages.dev
zolika1351.pages.dev
reactflow.dev
sentry.dev
telegram.dev
tg.dev
berlingske.dk
information.dk
octopus.do
telegram.dog
lib.rus.ec
plug-mirror.rcac.purdue.edu
delfi.ee
err.ee
linktr.ee
novayagazeta.ee
postimees.ee
swisscows.email
elmundo.es
rtve.es
agenceurope.eu
belsat.eu
mirror.cyberbits.eu
demokracija.eu
dwelle.eu
flir.eu
kavkaz-uzel.eu
novayagazeta.eu
novayapolsha.eu
politico.eu
protanki.eu
tiktokv.eu
tiktokw.eu
xiaomi.eu
tmnf.exchange
hs.fi
iltalehti.fi
is.fi
mouser.fi
rezka.fi
suomi24.fi
yle.fi
euroradio.fm
cnews.fr
cryptpad.fr
facebook.fr
lemonde.fr
lexpress.fr
liberation.fr
radiofrance.fr
rfi.fr
shadowz.fr
tf1info.fr
lostfilms.fun
nude-moon.fun
pump.fun
s1.rocketjump.fun
genderdysphoria.fyi
ru.scryde.game
dis.gd
tria.ge
bng.gg
discord.gg
essential.gg
guilded.gg
mangakakalot.gg
navi.gg
qiwi.gg
discord.gift
discord.gifts
beamng.gmbh
w.porno365.gold
notebooklm.google
cia.gov
xxx.lanl.gov
nih.gov
editorials.voa.gov
ert.gr
ertnews.gr
protothema.gr
skai.gr
mchost.guru
refactoring.guru
iichan.hk
444.hu
alza.hu
equalit.ie
independent.ie
monster.ie
rte.ie
9tv.co.il
adium.im
cwtch.im
apps.imo.im
cdn.imo.im
profile.imo.im
manus.im
vector.im
freebitco.in
freebitcoin.in
app.m3u.in
rezka-ua.in
avtozak.info
crimea-news.info
factograph.info
fbk.info
glavred.info
ichkeria.info
kmoun.info
livemy.info
nash-sever.info
pally.info
piccy.info
pn14.info
polit.info
premaritalsex.info
psyplants.info
de2.api.radio-browser.info
rupor.info
rusnsn.info
rutor.info
saverudata.info
sobytiya.info
sprotyv.info
tayga.info
trisquel.info
unian.info
weareukraine.info
whatsapp.info
whatsapp-plus.info
zero-k.info
interpol.int
adobe.io
autodesk.io
blinkshot.io
dbeaver.io
document360.io
elevenlabs.io
freemedia.io
fast-die.github.io
mdz-rus.github.io
gitlab.io
gmt.io
gofile.io
hchk.io
hidemium.io
ipfs.io
itch.io
lantern.io
mangahub.io
medusa.io
meduza.io
notvpn.io
open-store.io
openmedia.io
openuni.io
packagecontrol.io
paperpaper.io
papervpn.io
app.paraswap.io
poligonmedia.io
qmar.io
qt.io
redis.io
reforum.io
rewardy.io
sentry.io
shodan.io
simfly.io
snyk.io
spacelift.io
144.31.89.185.sslip.io
streamlit.io
swagger.io
telemetr.io
terraform.io
thebell.io
thenewtab.io
ufile.io
uizard.io
uploady.io
gallerycdn.vsassets.io
vyos.io
wasabiwallet.io
watermarkremover.io
cdn.web-platform.io
adobe.ipp
irna.ir
archive.is
flibusta.is
libgen.is
rutor.is
la7.it
lastampa.it
cachyos.next-works.it
rai.it
rainews.it
repubblica.it
abortion.jp
w.atwiki.jp
mstdn.jp
twitter.jp
24.kg
knews.kg
medianet.kz
namba.kz
matrix.newdiamond.kz
kinogo.la
rezka.land
libgen.lc
agora.legal
cock.li
libgen.li
kinozaltv.life
libgen.life
cdnservices.link
e4mc.link
kpapp.link
kpdl.link
telik.live
limetorrents.lol
gaycity.love
15min.lt
lrt.lt
lrytas.lt
visaginas.lt
apollo.lv
rus.delfi.lv
diena.lv
freecity.lv
rus.jauns.lv
lsm.lv
mixnews.lv
tvnet.lv
musical.ly
newsmaker.md
animelib.me
baskino.me
home.by.me
frant.me
furfur.me
hdrezka.me
hide.me
proxy.i2phides.me
ig.me
kinopub.me
libgen.me
line.me
mssg.me
nakarte.me
nnm.me
nnm-club.me
proton.me
rozetked.me
seed4.me
t.me
telegram.me
trailblazer.me
twin.me
tx.me
vpnlove.me
wa.me
whatsapp-plus.me
agents.media
exchanger.bits.media
cherta.media
chronicles.media
discord.media
dron.media
glasnaya.media
gubernia.media
helpdesk.media
holod.media
istories.media
kinogo.media
kosa.media
poligon.media
proekt.media
prosleduet.media
skat.media
verstka.media
zona.media
army.mil
darpa.mil
dia.mil
jsf.mil
socom.mil
grindr.mobi
allthefallen.moe
independent.com.mt
maltatoday.com.mt
tvmnews.mt
rezka.my
hentai.name
adobe.net
a1387.d.akamai.net
a346.dscd.akamai.net
e7229.f.akamaiedge.net
akamaihd.net
a-vrv.akamaized.net
al-badr.net
anonymox.net
arc.net
artsy.net
autodesk.net
openaiapi-site.azureedge.net
production-openaicom-storage.azureedge.net
openaicom-api-bdcpf8c6d2e9atf6.z01.azurefd.net
rc-paywall-assets.b-cdn.net
suuntomaps.b-cdn.net
tmdb-image-prod.b-cdn.net
cdn.betterttv.net
portal.bgpmon.net
bitmask.net
blackseanews.net
boingboing.net
he.bujanoci.net
censor.net
clamav.net
openai.com.cdn.cloudflare.net
pbs.twimg.com.cdn.cloudflare.net
video.twimg.com.cdn.cloudflare.net
d19ha9ylcjiuiu.cloudfront.net
d2dj0qptshsals.cloudfront.net
d3smszjb1gn4q5.cloudfront.net
copticchurch.net
lostbounds.ddns.net
signon.goliath.prod.deadorbit.net
signon2.deadorbit.net
discordapp.net
dotadle.net
doubleclick.net
e621.net
exitinternational.net
facebook.net
faz.net
fbcdn.net
fex.net
ficbook.net
filebin.net
filejoker.net
flisland.net
forgecdn.net
furaffinity.net
driver.gaomon.net
gpsonextra.net
signon.goliath.prod.gravityshavings.net
signon2.gravityshavings.net
gulagu.net
war.hvylya.net
imagedelivery.net
openaicom.imgix.net
api.app.prod.grazie.aws.intellij.net
jami.net
khilafah.net
kinovod.net
kiwifarms.net
ua.korrespondent.net
liga.net
liquipedia.net
d.docs.live.net
manybooks.net
meendo.net
messagevortex.net
minjust.net
archlinux.mirror-services.net
fleegle.mixmin.net
mmozg.net
mrakopedia.net
mullvad.net
neoforge.net
maven.neoforged.net
netflix.net
nflximg.net
nflxsearch.net
nflxso.net
nflxvideo.net
nhentai.net
nintendo.net
omtrdc.net
parallels.net
meteo.paraplan.net
partypoker.net
phpmyadmin.net
pixiv.net
playstation.net
politexpert.net
pornolab.net
pornoland.net
booth.pximg.net
abpr2.railfan.net
rapidgator.net
re-russia.net
research.net
riseup.net
my.rustelekom.net
rutracker.net
mirrors.de.sahilister.net
sc-static.net
schwingen.net
sendgrid.net
slideshare.net
speedtest.net
mytraffic.strangled.net
stulchik.net
mail.thesec.net
threads.net
tiktokd.net
tochka.net
forum.torproject.net
ttoverseaus.net
usher.ttvnw.net
turbobit.net
twtrdns.net
twttr.net
unian.net
uniongang.net
vectorworks.net
veniceunleashed.net
vipdrive.net
vlasti.net
vpngate.net
whatsapp.net
whatsapp-plus.net
whoer.net
openaicomproductionae4b.blob.core.windows.net
xtracloud.net
zaxid.net
zedge.net
hose.brandmeister.network
hath.network
discord.new
notion.new
adobe.newoa
allrus.news
fergana.news
manas.news
marxist.news
mbk.news
myc.news
thetruestory.news
h2.nexus
ad.nl
checkout.buckaroo.nl
pay.buckaroo.nl
intel.nl
navi.lqd4stl.nl
nos.nl
nrc.nl
censorship.no
novaya.no
adobe.ntp
mega.co.nz
premier.one
vm.serva.one
shikimori.one
telega.one
usa.one
vesma.one
dovod.online
drclinker.online
echofm.online
eu-objective.online
journlab.online
kinopub.online
minesweeper.online
game.perov.online
saverudata.online
sebeanus.online
nl.vasilevsy.online
15minut.org
access-unlocked.org
activatica.org
adblockplus.org
airvpn.org
akc.org
ru.algorithmica.org
amnesty.org
amnezia.org
animevost.org
anonymouse.org
antivigilancia.org
aqicn.org
archiveofourown.org
article19.org
downloads.asterisk.org
secure.avaaz.org
avtonom.org
azadliq.org
azatliq.org
azattyq.org
babook.org
bigbluebutton.org
bitbucket.org
bitcoin.org
bitru.org
blackseango.org
blindlgbtpride.org
booktracker.org
briarproject.org
btselem.org
buanzo.org
cachix.org
carnegieendowment.org
ccel.org
cdn-telegram.org
cdromance.org
censortracker.org
cisecurity.org
citron-emu.org
clevelandclinic.org
cloudflare.org
code.org
comfyui.org
comoabortar.org
coursera.org
cseindia.org
deathmetal.org
duckdns.org
ecequality.org
mv.ecuo.org
tor.eff.org
equalitie.org
erowid.org
exmormon.org
fastpic.org
feedtheminds.org
fidh.org
my.findmykids.org
fortanga.org
frc.org
freedomhouse.org
fri-gate.org
fsf.org
genderit.org
getlantern.org
getoutline.org
gijn.org
girlsofdesire.org
glaad.org
globalgiving.org
globalvoices.org
glsen.org
gnome-look.org
godalone.org
golosinfo.org
graniru.org
graylog.org
greenpeace.org
hbr.org
hdrzk.org
hizb-ut-tahrir.org
hkgalden.org
hola.org
hrc.org
hrw.org
humanrightsfirst.org
iaru.org
idelreal.org
iditelesom.org
iedb.org
ilga.org
imrussia.org
insecure.org
ipvnews.org
itgetsbetter.org
itness.org
jahforum.org
justassociates.org
jw.org
cdimage.kali.org
git.kernel.org
kidshealth.org
kinogo.org
l2reborn.org
lambdalegal.org
le-refuge.org
lgbtnet.org
lokinet.org
lordfilm.org
mangadex.org
download.manjaro.org
matrix-client.matrix.org
mdif.org
memohrc.org
metopera.org
forum.mhut.org
repo.mongodb.org
forum.mozilla-russia.org
musicbrainz.org
inform-sec.mywire.org
nazarene.org
ndi.org
ned.org
new-rutor.org
nixos.org
notepad-plus-plus.org
occrp.org
omenonwaves.org
omv-extras.org
onionshare.org
online-dating.org
api.ooni.org
run.ooni.org
openh264.org
openrussia.org
opensanctions.org
opensocietyfoundations.org
opentrackers.org
opentrackr.org
orldcoalition.org
orldjewishcongress.org
orldwildlife.org
osm.org
ovdinfo.org
oxfam.org
rus.ozodi.org
rus.ozodlik.org
wwf.panda.org
parrotsec.org
peaceplea.org
pflag.org
plancpills.org
rt.pornhub.org
postfix.org
pravdamaterinstva.org
propastop.org
antizapret.prostovpn.org
publicverdict.org
pytorch.org
radiosakharov.org
radiosvoboda.org
redkollegia.org
rescue.org
rferl.org
rosdep.org
roskomsvoboda.org
rsf.org
rutor.org
rutracker.org
ruttacker.org
safe2choose.org
samizdatonline.org
satp.org
sea-watch.org
searchfloor.org
secfirst.org
seclists.org
semnasem.org
severreal.org
sfsi.org
shamash.org
shia.org
shroomery.org
sibreal.org
signal.org
signalusers.org
snort.org
soapui.org
southfeministfutures.org
spring96.org
stepanov2021.org
stopfake.org
svoboda.org
svtv.org
tacticaltech.org
tdov.org
te-st.org
team29.org
telegram.org
telegram-cdn.org
nine.testrun.org
theinternationallegion.org
themoviedb.org
thepiratebay.org
thetrevorproject.org
tiktokd.org
tmdb.org
torproject.org
transparency.org
trv-science.org
uacrisis.org
uainfo.org
unfe.org
upogau.org
vogons.org
vpngen.org
whatsapp.org
whispersystems.org
www.wikiart.org
wikileaks.org
womenfirstdigital.org
womeninblack.org
ylilauta.org
yummyanime.org
z-lib.org
gallery.zetalliance.org
gfw.ovh
ntc.party
telesco.pe
fork.pet
telegra.ph
allegro.pl
belsat.pl
hejtstop.pl
lotto.pl
mojefundusze.pl
mycompanypolska.pl
nasz-gabinet.pl
novayapolsha.pl
k15.org.pl
pap.pl
patronite.pl
polskiservis.pl
ruchlgbt.pl
sts.pl
vkeyshik.run.place
islam.plus
porno365.plus
tempmail.plus
planeta.press
resonance.press
spektr.press
theins.press
kinovod170226.pro
limetorrents.pro
smirnovf.netcraze.pro
clip.opus.pro
x-minus.pro
expresso.pt
observador.pt
publico.pt
rtp.pt
kino.pub
zona.pub
v11.vost.pw
ukr.radio
eztv.re
cub.red
b1tv.ro
digi24.ro
protv.ro
stirileprotv.ro
pincong.rocks
libgen.rs
rdo.rs
4pda.ru
abook-club.ru
appstorrent.ru
colta.ru
ej.ru
exler.ru
megapeer.ru
onlinesim.ru
pcbway.ru
polit.ru
republic.ru
valera.run
prnt.sc
sverigesradio.se
svt.se
thepiratebay.se
underver.se
ghostrc.game.idtech.services
copy.sh
agentvps.ftp.sh
ppy.sh
redacted.sh
demokracija.si
gov.si
nova24.si
nova24tv.si
nyaa.si
flibusta.site
fproxy.site
island-of-pleasure.site
notion.site
pilihostel.site
webhook.site
dennikn.sk
sme.sk
digitalcontent.sky
notion.so
aqtser.space
cdn-service.space
hynet.space
jetbrains.space
lgbtqia.space
libgen.space
lumiora.space
proxy.pathtofree.space
us.pathtofree.space
telegram.space
1337x.st
libgen.st
remna.st
sanet.st
sci-hub.st
discord.store
widgetapp.stream
affinity.studio
flourish.studio
mirknig.su
vn.myst.su
php.su
panel.vps.plevsha.su
doxa.team
or.team
sex-studentki.team
new.tv.team
alexist.tech
mirror.bardia.tech
beamng.tech
s.channelcom.tech
hwui.dkama.tech
mirror.funami.tech
hdrezka.tech
techlore.tech
polina.zubkoff.tech
vpn.for.you.readlook.tk
1337x.to
4pda.to
bato.to
bitsearch.to
boerse.to
btdb.to
czx.to
ext.to
f95zone.to
katcr.to
kickasstorrents.to
matrix.to
nnmclub.to
rargb.to
vipergirls.to
vesma.today
cobalt.tools
discord.tools
8kun.top
eofvpn.top
look4k.top
seedoff.zannn.top
anilibria.tv
animevost.tv
anitokyo.tv
arte.tv
currenttime.tv
espreso.tv
hanime.tv
hd-rezka.tv
hdrezka.tv
kavkaz.tv
kinozal.tv
le-production.tv
lostfilm.tv
nevzorov.tv
okko.tv
periscope.tv
pscp.tv
rezka.tv
romb.tv
sovanews.tv
tvrain.tv
gql.twitch.tv
live.twitch.tv
uniongang.tv
utro02.tv
vot-tak.tv
votvot.tv
whatsapp.tv
1plus1.ua
24tv.ua
5.ua
atn.ua
atr.ua
church.ua
antikor.com.ua
epravda.com.ua
itarmy.com.ua
nr2.com.ua
pravda.com.ua
provokator.com.ua
qha.com.ua
telegraf.com.ua
unn.com.ua
vitk.com.ua
weblance.com.ua
world.comments.ua
vozrojdenie.crimea.ua
delo.ua
depo.ua
dev.ua
dialog.ua
donbass.ua
dsau.dp.ua
patriot.dp.ua
fakty.ua
focus.ua
gazeta.ua
glavcom.ua
glavnoe.ua
moz.gov.ua
hromadske.ua
hyperhost.ua
csskor.ill.in.ua
glavnoe.in.ua
jskor.ill.in.ua
kor.ill.in.ua
ui.ill.in.ua
informator.ua
fast-die.kiev.ua
shram.kiev.ua
svoi.kr.ua
day.kyiv.ua
lb.ua
mignews.ua
censor.net.ua
newtime.ua
nv.ua
investigator.org.ua
lgbt.org.ua
maidan.org.ua
podrobnosti.ua
7dniv.rv.ua
sinoptik.ua
academy.terrasoft.ua
tsn.ua
ukrinform.ua
bbc.co.uk
bbci.co.uk
download.screamingfrog.co.uk
pinknews.co.uk
shinyhardware.co.uk
speeddater.co.uk
telegraph.co.uk
stonewall.org.uk
danbooru.donmai.us
geni.us
thesafety.us
tiktokv.us
tiktokw.us
twitterstat.us
ultrasurf.us
usrf.us
mover.uz
api.radarr.video
sota.vision
animego.watch
i2pd.website
nomer-org.website
nyaa.tracker.wf
sakharov.world
4pda.ws
ru.baku.ws
cwer.ws
new45.scryde.ws
pb.wtf
rule34.xxx
cameleo.xyz
api-ams-01.digitalstreamers.xyz
cache-ams-01.digitalstreamers.xyz
segment-ams-01.digitalstreamers.xyz
mtpro.xyz
myblog2026.xyz
sub.utyavpn.xyz
yiffer.xyz
itch.zone
trust.zone
