filmix.ac
hdrezka.ac
eztv.ag
hdrezka.ag
rezka.ag
fergana.agency
nikk.agency
chub.ai
claude.ai
genspark.ai
grazie.ai
hume.ai
jetbrains.ai
kaleido.ai
kilo.ai
kilocode.ai
lightning.ai
openrouter.ai
recraft.ai
sonara.ai
trae.ai
x.ai
gfn.am
kat.am
nkr.am
7tv.app
caesium.app
comments.app
hdrezka.app
linear.app
lucid.app
chat.nuvon.app
oasis.app
orbot.app
builds.parsec.app
public.parsec.app
penpot.app
resp.app
telegram.app
toolbox.app
reve.art
rule34.art
signal.art
write.as
hleb.asia
nintendo.at
www.noctua.at
oe24.at
orf.at
vintagestory.at
chatmail.au
nintendo.com.au
sbs.com.au
abc.net.au
lidarr.audio
minval.az
protokol.band
knack.be
levif.be
nintendo.be
youtu.be
yt.be
24chasa.bg
mediapool.bg
remove.bg
filmix.biz
slifki.biz
supersliv.biz
twitter.biz
whatsapp.biz
data.cline.bot
buf.build
code.gist.build
a1.by
telegraf.by
torrent.by
alberta.ca
chtml.ca
mediazona.ca
netflix.ca
psiphon.ca
ici.radio-canada.ca
samesexmarriage.ca
webnames.ca
synapse.transgirl.cafe
arduino.cc
daemon-tools.cc
atv4.dnskp.cc
ivilych.cc
kinogoo.cc
rezka.cc
rutracker.cc
voidboost.cc
whatsapp.cc
files.manus.cdn
dossier.center
andrevi.ch
nintendo.ch
protonmail.ch
api.protonvpn.ch
srgssr.ch
swissinfo.ch
threema.ch
matrix.frei.chat
nope.chat
matrix.norge.chat
rollenspiel.chat
simplex.chat
t3.chat
coldfilm.city
matrix.catgirl.cloud
aimlabspages.kinsta.cloud
chatgpt.livekit.cloud
host.livekit.cloud
turn.livekit.cloud
mehl.cloud
qodana.cloud
soundcloud.cloud
youtrack.cloud
doramy.club
e-reading.club
fast-torrent.club
mydoramy.club
the-apothecary.club
tushkan.club
wikianime.club
mariokart.com.cn
nintendoswitch.com.cn
supermariobros.com.cn
supersmashbros.com.cn
mnr.gov.cn
mariokart.cn
nintendolabo.cn
nintendoswitch.cn
parallels.cn
supersmashbros.cn
xn--mts47c3w9b1qr.cn
a360.co
betternet.co
blockdx.co
discord.co
artifacts.elastic.co
docker.elastic.co
kinokrad.co
merezha.co
mos-gorsud.co
delivery.2d.net.co
epidemz.net.co
rentry.co
smartbear.co
swapd.co
t.co
triller.co
vine.co
vrv.co
10minutemail.com
200rf.com
20khvylyn.com
4online-gambling.com
4pna.com
888casino.com
new.abb.com
abercrombie.com
ac-pocketcamp.com
adobe.activate.com
platform.activestate.com
adafruit.com
adguard.com
unfiltered.adguard-dns.com
adguard-vpn.com
adidas.com
adobe.com
adobedtm.com
adobeereg.com
adobegenuine.com
adobejanus.com
adobelogin.com
ads-twitter.com
advocate.com
afp.com
afpforum.com
ahrefs.com
ai.com
aimlabs.com
aircanada.com
dashboard.algolia.com
alhurra.com
alice-vpn.com
all3dp.com
alphacoders.com
amazfitwatchfaces.com
aws.amazon.com
gaming.amazon.com
notion-emojis.s3-us-west-2.amazonaws.com
login.amd.com
americannaziparty.com
amiibo.com
amplitude.com
amx.com
analog.com
anidub.com
ansys.com
anthropic.com
support.anydesk.com
aol.com
apkmirror.com
aplawrence.com
aplaycasino.com
mbk-news.appspot.com
arkoselabs.com
artstation.com
ashingtonpost.com
atlassian.com
att.com
augmentcode.com
autocad.com
autodesk.com
autodesk360.com
avira.com
azathabar.com
babepedia.com
backstage-api.com
badoo.com
bbc.com
bbcrussian.com
bbm.com
bcbits.com
beammp.com
beamng.com
beeg.com
bell-sw.com
bellingcat.com
bestbuy.com
betfair.com
beyondexgay.com
edgeservices.bing.com
bing-amp.com
bitchute.com
bitdefender.com
bitfinex.com
bitnami.com
bittornado.com
blackberry.com
doh-fi.blahdns.com
blancvpn.com
bloody.com
bluehost.com
bok-o-bok.com
boosteroid.com
bosch.com
bosch-home.com
boschaftermarket.com
boschautoparts.com
bowsersinsidestory.com
bradyid.com
ai-chat.bsg.brave.com
bravoporn.com
brawlstarsgame.com
broadcom.com
broncosportforum.com
browsec.com
bt4gprx.com
btdig.com
btod.com
bungiestore.com
buymeacoffee.com
byteoversea.com
cactusvpn.com
support.cambiumnetworks.com
cannaweed.com
canva.com
capacitorjs.com
geo.captcha-delivery.com
carrefouruae.com
casino.com
casinotropez.com
cats.com
caucasustimes.com
cdn2cdn.com
cdn2site.com
cdninstagram.com
cdw.com
certifytheweb.com
chainreactioncycles.com
chaos.com
charitum.com
chat.com
chatgpt.com
chaturbate.com
chess.com
chesscomfiles.com
christianitytoday.com
circlecrewpinkcrowd.com
cisco.com
citrix.com
clashofclans.com
clashroyaleapp.com
claude.com
clickup.com
cloudflare-dns.com
cloudflare-ech.com
cloudflareclient.com
cloudtorrents.com
cms-twdigitalassets.com
codeium.com
coingate.com
coinsbee.com
collegehumor.com
matrix.communick.com
contabo.com
contest.com
corsair.com
cpu-monkey.com
credly.com
backend-v2.crixet.com
croxyproxy.com
crunchyroll.com
vod-fy.crunchyrollcdn.com
curseforge.com
cvedetails.com
cyberghostvpn.com
cyprus-mail.com
cyprustimes.com
dailylviv.com
dailymotion.com
darksidereviews.com
deepl.com
deepmind.com
deeprism.com
deezer.com
defcad.com
dell.com
dellcdn.com
depositphotos.com
designify.com
deti-404.com
devexpress.com
deviantart.com
devicespecifications.com
devops.com
diabrowser.com
dialga.com
diddykongracing.com
digikey.com
digitalocean.com
discord.com
discord-activities.com
discordactivities.com
discordapp.com
discordcdn.com
discordmerch.com
discordpartygames.com
discordsays.com
discordstatus.com
discourse-cdn.com
disctech.com
disneyplus.com
dkr.com
document360.com
donkeykongcountryreturns.com
donpress.com
dopplr.com
dreamhost.com
drmario-world.com
drugs-forum.com
ducati.com
dw.com
dyson.com
earerepost.com
easydmarc.com
eaton.com
editorx.com
ef.com
efe.com
ehorussia.com
ekhokavkaza.com
element14.com
elgato.com
elpais.com
elpha.com
eluniversal.com
eneba.com
account.entropiauniverse.com
elements.envato.com
eporner.com
equaldex.com
etahub.com
etsy.com
euobserver.com
euronews.com
eventbrite.com
everand.com
excitebots.com
expandrive.com
expressvpn.com
extremetech.com
f-secure.com
f1.com
facebook.com
roblox.fandom.com
fansly.com
fapello.com
fast.com
fastcomet.com
fb.com
fbsbx.com
fearnet.com
fergananews.com
wiki.fextralife.com
fivetran.com
flipboard.com
flir.com
fluke.com
flukenetworks.com
flyertalk.com
global.fncstatic.com
force.com
force-user-content.com
forklog.com
formula1.com
foxnews.com
fragment.com
framer.com
thunder.free-signal.com
freeimages.com
freeones.com
freespeechdebate.com
freevpnplanet.com
ftchinese.com
fuckingfreemovies.com
fxnetworks.com
g2a.com
gagadget.com
gambling.com
gamedistribution.com
shop.gameloft.com
gamerant.com
gamesrepack.com
gamestop.com
shift.services.gearbox.com
services.gearboxsoftware.com
geforcenow.com
gelbooru.com
gemini.com
genius.com
getoutline.com
getpocket.com
ggpht.com
gifyu.com
giganews.com
dashboard.gitguardian.com
api.github.com
githubcopilot.com
copilot-proxy.githubusercontent.com
packages.gitlab.com
glavpost.com
glpals.com
godaddy.com
gofundme.com
goldenpalace.com
goldenrivieracasino.com
golosameriki.com
golosislama.com
gomining.com
gonift.com
gonitro.com
goodreads.com
aistudio.google.com
android.clients.google.com
bard.google.com
clients6.google.com
gemini.google.com
jules.google.com
lookerstudio.google.com
makersuite.google.com
meet.google.com
news.google.com
notebooklm.google.com
play.google.com
snap-storage-cdn.l.google.com
suggestqueries.google.com
wide-youtube.l.google.com
youtube-ui.l.google.com
yt-video-upload.l.google.com
ytimg.l.google.com
aida.googleapis.com
aisandbox-pa.googleapis.com
antigravity-pa.googleapis.com
antigravity.googleapis.com
discord-attachments-uploads-prd.storage.googleapis.com
firebaseinstallations.googleapis.com
geller-pa.googleapis.com
generativelanguage.googleapis.com
jnn-pa.googleapis.com
play-fe.googleapis.com
play.googleapis.com
proactivebackend-pa.googleapis.com
prod-lt-playstoregatewayadapter-pa.googleapis.com
robinfrontend-pa.googleapis.com
speechs3proto2-pa.googleapis.com
youtube.googleapis.com
youtubeembeddedplayer.googleapis.com
youtubei.googleapis.com
googleplay.com
googletagmanager.com
lh3.googleusercontent.com
play-games.googleusercontent.com
play-lh.googleusercontent.com
yt3.googleusercontent.com
googlevideo.com
gordonua.com
gotgayporn.com
gpu-monkey.com
gr-assets.com
grafana.com
grammarly.com
grand-casino0.com
grindr.com
grizzlysms.com
grok.com
groq.com
groupon.com
gsc-game.com
connectivitycheck.gstatic.com
gtagarage.com
downloads.gtnewhorizons.com
guardster.com
gvt1.com
gvt2.com
habr.com
hackernoon.com
halooglasi.com
hashicorp.com
hatsapp.com
haydaygame.com
hbomax.com
hc-ping.com
hdkinoteatr.com
healthline.com
hentai-foundry.com
assets.heroku.com
herokucdn.com
hetzner.com
beyond.hg-cdn.com
hidemyass.com
hightimes.com
hochuzhit.com
hollisterco.com
home-connect.com
honduras.com
hornet.com
hostgator.com
hostinger.com
hotels.com
hotgaylist.com
hotspotshield.com
housebrand.com
howtogeek.com
howtogrowmarijuana.com
hqporner.com
httptoolkit.com
support.huawei.com
hunafa.com
hybrid-analysis.com
ibm.com
ibytedtos.com
mask-h2.icloud.com
mask.icloud.com
idolcomplex.com
ign.com
iherb.com
ikea.com
ikhwanonline.com
imgur.com
important-stories.com
indeed.com
indiehackers.com
ineedana.com
inetprivacy.com
infineon.com
instagram.com
intel.com
downloads.intercomcdn.com
internalfb.com
intuit.com
intuitibits.com
ionos.com
ipburger.com
irishtimes.com
itninja.com
www.jabra.com
jackpotcitycasino1.com
jamf.com
jetbrains.com
joesandbox.com
judaism.com
kafanews.com
kaleidoscopetrust.com
kamatera.com
kasparovru.com
kavkazcenter.com
kavkazr.com
keysight.com
kickassclassical.com
klarna.com
kmail-lists.com
knowyourmeme.com
krymr.com
krymsos.com
kupujemprodajem.com
kym-cdn.com
la-croix.com
lambdalabs.com
langdock.com
ldoceonline.com
leafletjs.com
legalshield.com
myworld-portal.leica-geosystems.com
lenovo.com
lesbiansubmission.com
lgbtqnation.com
lgbtru.com
lgbtvacationplanners.com
lgeapi.com
lgthinq.com
licdn.com
lifehacker.com
lingo.com
lingq.com
lingvolive.com
linkedin.com
linuxiac.com
docs.liquibase.com
liveleak.com
liveuamap.com
localbitcoins.com
lotoru.com
luckynugget.com
lyst.com
macpaw.com
macvendors.com
mailerlite.com
mailfence.com
mailinator.com
mailo.com
make.com
malwarebytes.com
manyvids.com
marioandluigidreamteam.com
mariobroswii.com
mariokart7.com
mariokart8.com
mariosupersluggers.com
marvelsnap.com
mashable.com
mattermost.com
max.com
data-cdn.mbamupdates.com
os.mbed.com
mcclgbt.com
mediazonaby.com
medicalnewstoday.com
medium.com
meetup.com
megaproxy.com
megatv.com
documentation.meraki.com
messenger.com
meta.com
metacritic.com
metal-archives.com
metasploit.com
www.microchip.com
copilot.microsoft.com
designer.microsoft.com
edge.microsoft.com
mobile.events.data.microsoft.com
software-static.download.prss.microsoft.com
middlewareinventory.com
mignews.com
miitomo.com
miiverse.com
minds.com
mintmobile.com
mixcloud.com
modartt.com
modernhorrors.com
modrinth.com
mongodb.com
monoprice.com
www.montechpc.com
mouser.com
mp3.com
msn.com
multisim.com
muscdn.com
musixmatch.com
myheritage.com
myjetbrains.com
myparallels.com
myqrcode.com
myspace.com
nashaniva.com
navalny.com
nba.com
nbcnewyork.com
neo4j.com
neonjoint.com
netacad.com
netaddress.com
netapp.com
netflix.com
netflixinvestor.com
netflixtechblog.com
forum.netgate.com
netlify.com
networksolutions.com
newark.com
newnownext.com
newsru.com
newsupermariobrosu.com
nfl.com
nflxext.com
nflximg.com
ngrok.com
connect.ngrok-agent.com
nhentai.com
nhl.com
ni.com
nibblehole.com
nike.com
nintendo.com
nintendo-europe.com
nintendo-europe-sales.com
nintendo3ds.com
nintendodsi.com
nintendoeurope.com
nintendonyc.com
nintendostore.com
nintendoswitch.com
nintendoswitchtogether.com
nintendowii.com
nippon.com
nitropdf.com
nordaccount.com
nordcdn.com
nordvpn.com
notion.com
notion-static.com
novayapolsha.com
developer.nvidia.com
install.launcher.omniverse.nvidia.com
nxp.com
oaistatic.com
oaiusercontent.com
obozrevatel.com
ochevidcy.com
ocstore.com
oculus.com
odysee.com
okx.com
omnissa.com
omsk.com
event.on24.com
onderzine.com
geolocation.onetrust.com
onfastspring.com
onlinegambling.com
onlineradiobox.com
onshape.com
openai.com
opposition-news.com
oracle.com
oraclecloud.com
originalelf.com
ott-play.com
out.com
paddle.com
paddlestatus.com
pandasecurity.com
panties.com
paralleleconomy.com
parallels.com
parallelsaccess.com
paritydeals.com
parniplus.com
partypoker.com
patreon.com
patreonusercontent.com
paypal.com
pcbway.com
pcgamesn.com
pcmag.com
pdq.com
penguin.com
penguinrandomhouse.com
personaltrainermath.com
pexels.com
phncdn.com
doh.centraleu.pi-dns.com
pingdom.com
pixabay.com
planetromeo.com
playboy.com
playnintendo.com
plugshare.com
pmi.com
pof.com
pokedex3d.com
pokemon.com
pokemon-moon.com
pokemon-sun.com
pokemon-sunmoon.com
pokemonbank.com
pokemonblackwhite.com
pokemonbw.com
pokemonchampionships.com
pokemongoldsilver.com
pokemonhome.com
pokemonletsgoeevee.com
pokemonletsgopikachu.com
pokemonmysterydungeon.com
pokemonpicross.com
pokemonplatinum.com
pokemonrubysapphire.com
pokemonsunmoon.com
pokemonswordshield.com
pokemonultrasunmoon.com
pokemonvgc.com
pokerstars.com
politico.com
politros.com
polygon.com
polymarket.com
pornhub.com
newsroom.porsche.com
posthog.com
pravda.com
premierleague.com
pressorg24.com
primark.com
primevideo.com
privateinternetaccess.com
privatevpn.com
chat.privittytech.com
profitwell.com
projectbaseline.com
prolife.com
prosleduetmedia.com
protonmail.com
protonvpn.com
prowlarr.com
proxify.com
proxyscrape.com
psu.com
clubhouse.pubnub.com
footballapi.pulselive.com
purevpn.com
pushbr.com
pvpessence.com
api.pwnedpasswords.com
qoder.com
qualcomm.com
anthropic.qualtrics.com
quicknode.com
quora.com
qwant.com
qwixit.com
radiojar.com
radiomarsho.com
rbxcdn.com
realbooru.com
reddxxx.com
redgifs.com
redis.com
redislabs.com
redshieldvpn.com
redtube.com
refinitiv.com
reporter-ua.com
repubblica.com
returnyoutubedislikeapi.com
rezkify.com
riftgame.com
risk-inform.com
riverbelle.com
phncdn.com.sds.rncdn7.com
roar-review.com
roblox.com
root-nation.com
royalvegas.com
forum.ru-board.com
support.ruckuswireless.com
rumble.com
rureporter.com
rusmonitor.com
rustorka.com
saerasoft.com
i.sakh.com
salesforce.com
salesforce-experience.com
salesforce-hub.com
salesforce-scrt.com
salesforce-setup.com
salesforce-sites.com
salesforceiq.com
salesforceliveagent.com
sankakuapi.com
sankakucomplex.com
sankakustatic.com
sap.com
sc-jpl.com
scarleteen.com
aftermarket.schaeffler.com
schneider-electric.com
sdxcentral.com
se.com
search.com
searchindia.com
seconddinnertech.com
semrush.com
sendspace.com
sephora.com
serpstat.com
servarr.com
api.service-kp.com
sex.com
sfdcopens.com
shiza-project.com
singlekey-id.com
site.com
siteground.com
sketchup.com
skiff.com
skladchik.com
sky.com
skycdp.com
skyscanner.com
slavicsac.com
slotland.com
slovodel.com
smartbear.com
smartdeploy.com
www.smashwords.com
snap.com
snapchat.com
snapgametech.com
snapgene.com
snapkit.com
sndcdn.com
sobesednik.com
solarwinds.com
sophos.com
sora.com
sotaproject.com
sotnik-tv.com
soundcloud.com
sovetromantica.com
speedify.com
spiceworks.com
spiceworksstatic.com
spideroak.com
spinpalace.com
spitfireaudio.com
splatoon2tournament.com
sportingbet.com
sportsinteraction.com
spotify.com
spreadthesign.com
sputnikipogrom.com
api.spyglassmc.com
squadbustersgame.com
squareup.com
squietpc.com
stalker2.com
starfox.com
startmail.com
startpage.com
steamgriddb.com
stockx.com
strava.com
streamable.com
supercell.com
supermario.com
supermario3dworld.com
supermariogalaxy.com
supermariorun.com
superpapermario.com
surfshark.com
surveymonkey.com
synoforum.com
sysdig.com
tableau.com
tailscale.com
talosintelligence.com
tdesktop.com
teamspeak-services.com
teamviewer.com
techbargains.com
technorati.com
teenhealthfx.com
telegram.com
tellapart.com
temu.com
test-ipv6.com
theaudiodb.com
thebarentsobserver.com
thegooddrugsguide.com
themoscowtimes.com
theporndude.com
therarbg.com
thetvdb.com
ti.com
tidal.com
tik-tokapi.com
tiktok.com
tiktokcdn.com
tiktokcdn-eu.com
tiktokcdn-us.com
tiktokeu-cdn.com
tiktokrow-cdn.com
tiktokv.com
timberland.com
timesofmalta.com
tinkercad.com
tiptop-vpn.com
tivo.com
tmdb.com
torontovka.com
torrenteditor.com
trailhead.com
transferwise.com
transwhiz.com
trellix.com
trendsmap.com
ua.tribuna.com
trueblackmetalradio.com
truthsocial.com
tsmc.com
ttlivecdn.com
ttwstatic.com
tunnelbear.com
turbovpn.com
tuta.com
tutanota.com
tvdevinfo.com
tweetdeck.com
twimg.com
twinlife-systems.com
twinme.com
twirpx.com
twitpic.com
twitter.com
twittercommunity.com
twitterflightschool.com
twitterinc.com
twitteroauth.com
twttr.com
twvid.com
typepad.com
typing.com
uaudio.com
ubnt.com
udikov.com
ui.com
ukdevilz.com
undertaleplus.com
unifi.com
unscreen.com
unsplash.com
upwork.com
urduvoa.com
usatoday.com
ust-kut24.com
vagrantcloud.com
vanguardnewsnetwork.com
vdsina.com
veeam.com
velocidrone.com
verificationacademy.com
veritas.com
vesselthefilm.com
viber.com
vice.com
visualcapitalist.com
vmware.com
voanews.com
volkswagen-classic-parts.com
voxxvaler.com
forum.voynaplemyon.com
vpnproxymaster.com
vpnredcat.com
walmart.com
wariolandshakeit.com
wariowarediy.com
warnerbrosgames.com
watchguard.com
wbagora.com
wbgames.com
weather.com
webmd.com
webtoons.com
weebly.com
weedmaps.com
wetransfer.com
whatsapp.com
whatsappbrand.com
wheather.com
wickr.com
wii-u.com
wiifit.com
wiifitu.com
wiipartyu.com
wiisports.com
wiisportsresort.com
wiiugamepad.com
wikidot.com
windows10spotlight.com
windsurf.com
app.wire.com
wise.com
stitch.withgoogle.com
wixmp.com
wonderzine.com
miracleptr.wordpress.com
putinbog.wordpress.com
wpengine.com
wunderground.com
x.com
xanga.com
xbet-4.com
xbet-5.com
user.auth.xboxlive.com
xsts.auth.xboxlive.com
xda-developers.com
xdaforums.com
xenoblade.com
support.xerox.com
xhamster.com
xhamsterlive.com
xhcdn.com
xnxx.com
xnxx-cdn.com
xnxx-ru.com
xnxx3.com
xrite.com
xv-ru.com
xvideos.com
xvideos-cdn.com
ru.yahoo.com
yaplakal.com
yeggi.com
yocity12.com
youporn.com
fsn1.your-objectstorage.com
youtube.com
youtube-nocookie.com
youtubekids.com
ytimg.com
yting.com
zapier.com
zbigz.com
zendesk.com
app.zerossl.com
aftermarket.zf.com
znak.com
znanija.com
zohomail.com
chika.aangat.lahat.computer
kemono.cr
granma.cu
com.cy
ceskatelevize.cz
seznamzpravy.cz
windguru.cz
openwrt.wk.cz
decrypt.day
filmix.day
adminforge.de
adobe.de
events.ccc.de
danneskjold.de
distrochooser.de
eclipso.de
eggertspiele.de
synapse.hyteck.de
i2p2.de
intel.de
jungefreiheit.de
nintendo.de
queer.de
spiegel.de
matrix.tchncs.de
timberland.de
anon.inf.tu-dresden.de
welt.de
zeit.de
discord.design
canva.dev
darkrun.dev
discord.dev
ai.google.dev
htmhell.dev
monolisa.dev
pages.dev
reactflow.dev
sentry.dev
telegram.dev
tg.dev
usercontent.dev
quiz.directory
matrix.digitalprivacy.diy
berlingske.dk
information.dk
nintendo.dk
politiken.dk
any.do
octopus.do
telegram.dog
lostfilm.download
kinogo.ec
lib.rus.ec
ef.edu
plug-mirror.rcac.purdue.edu
delfi.ee
err.ee
linktr.ee
novayagazeta.ee
postimees.ee
chatmail.email
swisscows.email
elmundo.es
exler.es
d.gaufr.es
nintendo.es
rtve.es
agenceurope.eu
belsat.eu
cbilling.eu
mirror.cyberbits.eu
demokracija.eu
dwelle.eu
eutrp.eu
flir.eu
chat.in-the.eu
kavkaz-uzel.eu
nintendo.eu
novayagazeta.eu
novayapolsha.eu
politico.eu
tiktokv.eu
tiktokw.eu
xiaomi.eu
filmix.fan
hs.fi
iltalehti.fi
intersukupuolisuus.fi
is.fi
mouser.fi
nintendo.fi
rezka.fi
yle.fi
euroradio.fm
filmix.fm
last.fm
more.fm
novaline.fm
lgbt.foundation
gallica.bnf.fr
cnews.fr
cryptpad.fr
im.deuxfleurs.fr
lemonde.fr
lexpress.fr
liberation.fr
nintendo.fr
radiofrance.fr
rfi.fr
chat.sus.fr
tf1info.fr
veracrypt.fr
libgen.fun
pump.fun
tarpit.fun
genderdysphoria.fyi
dis.gd
tria.ge
aimlab.gg
bng.gg
discord.gg
essential.gg
guilded.gg
navi.gg
discord.gift
discord.gifts
magaz.global
beamng.gmbh
antigravity-unleash.goog
antigravity.google
deepmind.google
gemini.google
generativeai.google
jules.google
labs.google
notebooklm.google
cia.gov
xxx.lanl.gov
nih.gov
editorials.voa.gov
ert.gr
ertnews.gr
protothema.gr
skai.gr
fls.guru
kinozal.guru
lolz.guru
mchost.guru
refactoring.guru
terms.shadowfox.help
nintendo.com.hk
iichan.hk
444.hu
alza.hu
equalit.ie
independent.ie
monster.ie
rte.ie
9tv.co.il
cursorinfo.co.il
newsru.co.il
vesty.co.il
cwtch.im
e2ee.im
manus.im
simplex.im
vector.im
app.m3u.in
rezka-ua.in
avtozak.info
bihus.info
crimea-news.info
cyxymu.info
factograph.info
fbk.info
glavred.info
ichkeria.info
itdog.info
kmoun.info
livemy.info
magbazhenov.info
ovd.info
piccy.info
pn14.info
polit.info
premaritalsex.info
psyplants.info
rupor.info
rusnsn.info
rutor.info
sakhalin.info
saverudata.info
simplix.info
sobytiya.info
sprotyv.info
steamstat.info
tayga.info
api.theins.info
trisquel.info
unian.info
weareukraine.info
whatsapp.info
whatsapp-plus.info
uninterest.ing
coldfilm.ink
7tv.io
adobe.io
autodesk.io
blinkshot.io
charhub.io
discours.io
document360.io
elevenlabs.io
freemedia.io
fast-die.github.io
mdz-rus.github.io
gitlab.io
gmt.io
gofile.io
hackmd.io
hchk.io
intercom.io
ipfs.io
itch.io
lantern.io
meduza.io
notvpn.io
onlinesim.io
openmedia.io
opensea.io
openuni.io
paperpaper.io
papervpn.io
app.paraswap.io
poligonmedia.io
qt.io
redis.io
reforum.io
restream.io
scryde.io
sentry.io
sms-activate.io
snyk.io
spacelift.io
swagger.io
telemetr.io
terraform.io
tgraph.io
thebell.io
thenewtab.io
tuta.io
tvfreedom.io
ufile.io
uizard.io
undetectable.io
vpnpay.io
gallerycdn.vsassets.io
vyos.io
wasabiwallet.io
watermarkremover.io
cdn.web-platform.io
zerkalo.io
adobe.ipp
irna.ir
archive.is
flibusta.is
libgen.is
rutor.is
chatmail.culturanerd.it
la7.it
lastampa.it
nintendo.it
rai.it
rainews.it
repubblica.it
w.atwiki.jp
nintendo.co.jp
mstdn.jp
nintendo.jp
www3.nhk.or.jp
twitter.jp
24.kg
knews.kg
nintendo.co.kr
medianet.kz
namba.kz
filmix.la
hitomi.la
kinogo.la
rezka.land
libgen.lc
agora.legal
oi.legal
ovd.legal
synapse.bark.lgbt
cock.li
libgen.li
kinozaltv.life
libgen.life
cdnservices.link
e4mc.link
kpapp.link
kpdl.link
deepstatemap.live
digash.live
dorama.live
y.hentaichan.live
kovcheg.live
novyny.live
breezeway.lol
cdn32.lol
limetorrents.lol
gaycity.love
15min.lt
delfi.lt
lrt.lt
lrytas.lt
visaginas.lt
audiobookbay.lu
apollo.lv
delfi.lv
diena.lv
freecity.lv
rus.jauns.lv
lsm.lv
tvnet.lv
musical.ly
locals.md
newsmaker.md
anilib.me
animelib.me
baskino.me
home.by.me
frant.me
furfur.me
gofund.me
graty.me
hdrezka.me
hentailib.me
hide.me
proxy.i2phides.me
ig.me
kinopub.me
kinozal.me
libgen.me
line.me
mssg.me
proton.me
seed4.me
shikimori.me
slashlib.me
t.me
telegram.me
trailblazer.me
twin.me
tx.me
urlr.me
vpnlove.me
wa.me
whatsapp-plus.me
yummyani.me
agents.media
arbat.media
exchanger.bits.media
cherta.media
chronicles.media
discord.media
dron.media
dumka.media
glasnaya.media
gubernia.media
helpdesk.media
holod.media
istories.media
kaktus.media
kosa.media
poligon.media
posle.media
proekt.media
prosleduet.media
provereno.media
rezonans.media
rima.media
skat.media
suspilne.media
verstka.media
zona.media
army.mil
darpa.mil
jsf.mil
quantico.marines.mil
socom.mil
southcom.mil
grindr.mobi
allthefallen.moe
independent.com.mt
maltatoday.com.mt
independent.mt
maltatoday.mt
tvmnews.mt
rezka.my
hidemy.name
5sim.net
adobe.net
a-vrv.akamaized.net
arc.net
artsy.net
as6723.net
autodesk.net
openaiapi-site.azureedge.net
production-openaicom-storage.azureedge.net
openaicom-api-bdcpf8c6d2e9atf6.z01.azurefd.net
tmdb-image-prod.b-cdn.net
cdn.betterttv.net
portal.bgpmon.net
bitmask.net
blackseanews.net
boingboing.net
bufferbloat.net
cdntogo.net
censor.net
clamav.net
openai.com.cdn.cloudflare.net
pbs.twimg.com.cdn.cloudflare.net
quora.com.cdn.cloudflare.net
video.twimg.com.cdn.cloudflare.net
d2dj0qptshsals.cloudfront.net
coinpayments.net
signon.goliath.prod.deadorbit.net
signon2.deadorbit.net
discordapp.net
rf.dobrochan.net
doubleclick.net
e621.net
exitinternational.net
facebook.net
faz.net
fbcdn.net
fex.net
ficbook.net
filebin.net
filmitorrent.net
flibusta.net
flisland.net
forgecdn.net
driver.gaomon.net
glavred.net
gpsonextra.net
signon.goliath.prod.gravityshavings.net
signon2.gravityshavings.net
gulagu.net
war.hvylya.net
imagedelivery.net
openaicom.imgix.net
api.app.prod.grazie.aws.intellij.net
jut-su.net
khilafah.net
kinovod.net
kiwifarms.net
korrespondent.net
lamcdn.net
librewolf.net
liga.net
d.docs.live.net
mangapark.net
manybooks.net
meendo.net
mezha.net
minjust.net
mrakopedia.net
mullvad.net
multporn.net
myanimelist.net
maven.neoforged.net
netflix.net
nflximg.net
nflxsearch.net
nflxso.net
nflxvideo.net
nhentai.net
nintendo.net
nintendonetwork.net
nintendoswitch.net
nintendowifi.net
ntslive.net
omtrdc.net
parallels.net
meteo.paraplan.net
partypoker.net
phpmyadmin.net
pixiv.net
pokemonwifi.net
politexpert.net
pornolab.net
booth.pximg.net
abpr2.railfan.net
rapidgator.net
re-russia.net
research.net
riseup.net
rublacklist.net
ruscryde.net
rutracker.net
saverudata.net
sc-static.net
scryde.net
scryde1.net
scryde10.net
scryde11.net
scryde12.net
scryde2.net
scryde3.net
scryde4.net
scryde5.net
scryde6.net
scryde7.net
scryde8.net
scryde9.net
matrix.secure-channel.net
sendgrid.net
showip.net
slideshare.net
speedtest.net
stulchik.net
sweetfern.net
threads.net
tiktokd.net
tochka.net
forum.torproject.net
mymemory.translated.net
ttoverseaus.net
usher.ttvnw.net
turbobit.net
twtrdns.net
twttr.net
ukr.net
ukrainer.net
ukrinform.net
ukrtelcdn.net
unian.net
uniongang.net
vectorworks.net
vipdrive.net
vlasti.net
vpngate.net
whatsapp.net
whatsapp-plus.net
wiivc.net
openaicomproductionae4b.blob.core.windows.net
xn--mts47c3w9b1qr.net
xnxx.net
xtracloud.net
zaxid.net
zedge.net
zencdn.net
hath.network
discord.new
git.new
notion.new
adobe.newoa
allrus.news
fergana.news
manas.news
marxist.news
mbk.news
myc.news
ovd.news
strana.news
telegraf.news
thetruestory.news
matrix.federated.nexus
ad.nl
checkout.buckaroo.nl
pay.buckaroo.nl
intel.nl
mtux.nl
nintendo.nl
nos.nl
nrc.nl
vrouwuitdekast.nl
censorship.no
nintendo.no
novaya.no
u4.no
adobe.ntp
mega.co.nz
mega.nz
germania.one
shikimori.one
telega.one
usa.one
vesma.one
cdn32.online
cnd2exp.online
dovod.online
echofm.online
eu-objective.online
expres.online
iptv.online
journlab.online
kinopub.online
realist.online
saverudata.online
sebeanus.online
15minut.org
4freerussia.org
access-unlocked.org
activatica.org
easylist-downloads.adblockplus.org
akc.org
amnesty.org
amnezia.org
anilibria.org
animaunt.org
animebest.org
animego.org
anistar.org
annas-archive.org
anonymouse.org
antivigilancia.org
aqicn.org
archiveofourown.org
article19.org
secure.avaaz.org
mail.avrorams77.org
avtonom.org
azadliq.org
azatliq.org
azattyq.org
babook.org
baginya.org
beintheknow.org
bi.org
bitbucket.org
bitcoin.org
bitru.org
blackseango.org
booktracker.org
boominfo.org
botnadzor.org
briarproject.org
buanzo.org
packages.cachyos.org
carnegieendowment.org
ccel.org
cdn-telegram.org
cdnbunny.org
cdromance.org
censortracker.org
cisecurity.org
clevelandclinic.org
codelinaro.org
coursera.org
cryptpad.org
cseindia.org
daymohk.org
deathmetal.org
stun-002.deepernetworks.org
dpidetector.org
amethyst-sugar.duckdns.org
e-hentai.org
ecequality.org
mv.ecuo.org
edu-cisco.org
tor.eff.org
matrix.electrologic.org
equalitie.org
erowid.org
exmormon.org
familyequality.org
fastpic.org
feedtheminds.org
fidh.org
fonge.org
fortanga.org
frc.org
freedomhouse.org
freedomletters.org
fri-gate.org
fsf.org
matrix.fsfe.org
geode-sdk.org
getlantern.org
getoutline.org
gijn.org
glaad.org
globalgiving.org
globalvoices.org
glsen.org
gnome-look.org
golosinfo.org
graniru.org
graph.org
graylog.org
greenpeace.org
hdrzk.org
hdstudio.org
hizb-ut-tahrir.org
hola.org
hrc.org
hrw.org
humanrightsfirst.org
iaru.org
icrw.org
idelreal.org
iditelesom.org
iditelesombase.org
iedb.org
ilga.org
imrussia.org
insecure.org
ipvnews.org
itgetsbetter.org
itness.org
jahforum.org
justassociates.org
jw.org
jw-russia.org
kidshealth.org
knigopoisk.org
kolsar.org
lambdalegal.org
lgbtnet.org
libsdl.org
lichess.org
lokinet.org
lu4.org
mangadex.org
download.manjaro.org
matrix-client.matrix.org
mdif.org
memohrc.org
metopera.org
forum.mhut.org
repo.mongodb.org
msh.org
msichoices.org
musicbrainz.org
nazarene.org
ndi.org
ned.org
new-rutor.org
notepad-plus-plus.org
nude-moon.org
nuntiare.org
occrp.org
omenonwaves.org
omv-extras.org
onionshare.org
api.ooni.org
run.ooni.org
openh264.org
openrussia.org
opensanctions.org
opensocietyfoundations.org
opentrackers.org
opentrackr.org
orldcoalition.org
orldwildlife.org
ovdinfo.org
oxfam.org
ozodi.org
rus.ozodlik.org
wwf.panda.org
peaceplea.org
persecution.org
pflag.org
philiascans.org
plancpills.org
pornhub.org
www.postfix.org
pravdamaterinstva.org
primevue.org
propastop.org
prostovpn.org
proxy.org
publicverdict.org
radiosakharov.org
radiosvoboda.org
redkollegia.org
renshuu.org
rentry.org
reproductiverights.org
rescue.org
resurj.org
rferl.org
riperam.org
rosdep.org
roskomsvoboda.org
rsf.org
rutor.org
rutracker.org
safe2choose.org
sakharovfoundation.org
samizdatonline.org
scrollrevealjs.org
searchfloor.org
secfirst.org
seclists.org
selezen.org
semnasem.org
severreal.org
sfsi.org
shamash.org
shia.org
shoe.org
shroomery.org
sibreal.org
signal.org
signalusers.org
snort.org
soapui.org
solar-aid.org
southfeministfutures.org
spring96.org
statology.org
stepanov2021.org
stopfake.org
svoboda.org
svtv.org
t-invariant.org
tacticaltech.org
te-st.org
team29.org
telegram.org
telegram-cdn.org
temp-mail.org
nine.testrun.org
theinternationallegion.org
themoviedb.org
thepiratebay.org
thetrevorproject.org
continuwuity.thursdaycouncil.org
tiktokd.org
tmdb.org
torproject.org
transequality.org
transparency.org
triplebit.org
truthnet.org
trv-science.org
uacrisis.org
uainfo.org
unfe.org
upogau.org
utronews.org
vndb.org
vpngen.org
whatsapp.org
whispersystems.org
www.wikiart.org
wikileaks.org
wilsoncenter.org
womenfirstdigital.org
womeninblack.org
yummyanime.org
z-lib.org
chat.zashm.org
gallery.zetalliance.org
gfw.ovh
pronouns.page
ntc.party
telesco.pe
fork.pet
archive.ph
telegra.ph
allegro.pl
belsat.pl
hejtstop.pl
mailchat.pl
novayapolsha.pl
klub-lewica.org.pl
pap.pl
islam.plus
tempmail.plus
booth.pm
metla.press
planeta.press
spektr.press
theins.press
limetorrents.pro
clip.opus.pro
x-minus.pro
nintendo.com.pt
expresso.pt
nintendo.pt
observador.pt
publico.pt
rtp.pt
kino.pub
privatekeys.pw
ukr.radio
eztv.re
imagisphe.re
yande.re
cub.red
b1tv.ro
digi24.ro
protv.ro
stirileprotv.ro
libgen.rs
rdo.rs
4pda.ru
abook-club.ru
amdm.ru
animespirit.ru
anistars.ru
appstorrent.ru
baikal-journal.ru
bestchange.ru
colta.ru
doramalive.ru
ej.ru
exler.ru
fn-volga.ru
grani.ru
itsmycity.ru
kasparov.ru
mangahub.ru
megapeer.ru
moscowtimes.ru
newtimes.ru
nintendo.ru
novayagazeta.ru
ohmyswift.ru
onlinesim.ru
paperpaper.ru
pcbway.ru
pimpletv.ru
polit.ru
republic.ru
scryde.ru
seasonvar.ru
sklatchiki.ru
the-village.ru
theins.ru
tvrain.ru
zahav.ru
prnt.sc
nintendo.se
sci-hub.se
sverigesradio.se
svt.se
underver.se
ghostrc.game.idtech.services
dub.sh
ohmyz.sh
ppy.sh
demokracija.si
nova24.si
nova24tv.si
nyaa.si
amedia.site
fitgirl-repacks.site
insearch.site
island-of-pleasure.site
lostfilmtv2.site
notion.site
dennikn.sk
sme.sk
digitalcontent.sky
notion.so
matrix.pub.solar
cdn-service.space
jetbrains.space
lgbtqia.space
libgen.space
telegram.space
chatmail.woodpeckersnest.space
1337x.st
libgen.st
remna.st
sci-hub.st
discord.store
widgetapp.stream
affinity.studio
flourish.studio
anime-portal.su
project.breezeway.su
coomer.su
jut.su
kara.su
kemono.su
mirknig.su
php.su
livetv.sx
doxa.team
or.team
beamng.tech
hdrezka.tech
1337x.to
4pda.to
bato.to
bitsearch.to
boerse.to
btdb.to
czx.to
ext.to
f95-zone.to
f95zone.to
katcr.to
kickasstorrents.to
matrix.to
nnmclub.to
rargb.to
render-state.to
torrentgalaxy.to
vipergirls.to
strana.today
vesma.today
discord.tools
8kun.top
static.lostfilm.top
piratbit.top
seedoff.zannn.top
you.tube
adultmult.tv
anilibria.tv
animedia.tv
animevost.tv
arte.tv
currenttime.tv
espreso.tv
hd-rezka.tv
hdrezka.tv
ilook.tv
kavkaz.tv
kinozal.tv
le-production.tv
lostfilm.tv
nevzorov.tv
periscope.tv
pscp.tv
rezka.tv
romb.tv
sovanews.tv
tvrain.tv
gql.twitch.tv
uniongang.tv
utro02.tv
vot-tak.tv
votvot.tv
whatsapp.tv
xnxx.tv
lostfilm.tw
nintendo.tw
1plus1.ua
24tv.ua
5.ua
atn.ua
atr.ua
church.ua
antikor.com.ua
epravda.com.ua
interfax.com.ua
itarmy.com.ua
neformat.com.ua
nr2.com.ua
pravda.com.ua
provokator.com.ua
qha.com.ua
telegraf.com.ua
unn.com.ua
vitk.com.ua
weblance.com.ua
world.comments.ua
vozrojdenie.crimea.ua
delo.ua
depo.ua
dev.ua
dialog.ua
donbass.ua
dsau.dp.ua
patriot.dp.ua
fakty.ua
focus.ua
gazeta.ua
glavcom.ua
glavnoe.ua
moz.gov.ua
hromadske.ua
hyperhost.ua
csskor.ill.in.ua
glavnoe.in.ua
jskor.ill.in.ua
kor.ill.in.ua
svidomi.in.ua
ui.ill.in.ua
informator.ua
fast-die.kiev.ua
shram.kiev.ua
svoi.kr.ua
day.kyiv.ua
lb.ua
portal.lviv.ua
mignews.ua
censor.net.ua
newtime.ua
nv.ua
olx.ua
investigator.org.ua
lgbt.org.ua
maidan.org.ua
podrobnosti.ua
rbc.ua
7dniv.rv.ua
academy.terrasoft.ua
tsn.ua
ukrinform.ua
unian.ua
bbc.co.uk
bbci.co.uk
download.screamingfrog.co.uk
interactivebrokers.co.uk
nintendo.co.uk
pinknews.co.uk
shinyhardware.co.uk
speeddater.co.uk
telegraph.co.uk
kinogo.uk
mariestopes.org.uk
stonewall.org.uk
anilibria.uno
lostfilm.uno
delta.thelab.uno
danbooru.donmai.us
geni.us
ru-news.us
rule34.us
tiktokv.us
tiktokw.us
twitterstat.us
ultrasurf.us
usrf.us
api.radarr.video
cbilling.vip
megapeer.vip
sota.vision
e2ee.wang
i2pd.website
nomer-org.website
nyaa.tracker.wf
mw2.wiki
rutracker.wiki
nnmstatic.win
forum.dcs.world
sakharov.world
scryde.world
zemfira.world
4pda.ws
ru.baku.ws
anilibria.wtf
pb.wtf
chat.vim.wtf
rule34.xxx
456720.xyz
cameleo.xyz
coldfilm.xyz
deckbrew.xyz
nintendo.co.za
itch.zone
trust.zone
